Archive member included to satisfy reference by file (symbol)

C:/ST/STM32CubeCLT_1.17.0/GNU-tools-for-STM32/bin/../lib/gcc/arm-none-eabi/12.3.1/../../../../arm-none-eabi/lib/thumb/v7e-m+fp/hard\libstdc++_nano.a(new_op.o)
                              CMakeFiles/base.dir/src/Core/Main.cpp.obj (operator new(unsigned int))
C:/ST/STM32CubeCLT_1.17.0/GNU-tools-for-STM32/bin/../lib/gcc/arm-none-eabi/12.3.1/../../../../arm-none-eabi/lib/thumb/v7e-m+fp/hard\libstdc++_nano.a(new_handler.o)
                              C:/ST/STM32CubeCLT_1.17.0/GNU-tools-for-STM32/bin/../lib/gcc/arm-none-eabi/12.3.1/../../../../arm-none-eabi/lib/thumb/v7e-m+fp/hard\libstdc++_nano.a(new_op.o) (std::get_new_handler())
C:/ST/STM32CubeCLT_1.17.0/GNU-tools-for-STM32/bin/../lib/gcc/arm-none-eabi/12.3.1/thumb/v7e-m+fp/hard\libgcc.a(_arm_muldf3.o)
                              CMakeFiles/base.dir/src/Core/Main.cpp.obj (__aeabi_dmul)
C:/ST/STM32CubeCLT_1.17.0/GNU-tools-for-STM32/bin/../lib/gcc/arm-none-eabi/12.3.1/thumb/v7e-m+fp/hard\libgcc.a(_arm_addsubdf3.o)
                              CMakeFiles/base.dir/src/Core/Main.cpp.obj (__aeabi_dsub)
C:/ST/STM32CubeCLT_1.17.0/GNU-tools-for-STM32/bin/../lib/gcc/arm-none-eabi/12.3.1/thumb/v7e-m+fp/hard\libgcc.a(_arm_muldivdf3.o)
                              CMakeFiles/base.dir/src/Core/Main.cpp.obj (__aeabi_ddiv)
C:/ST/STM32CubeCLT_1.17.0/GNU-tools-for-STM32/bin/../lib/gcc/arm-none-eabi/12.3.1/thumb/v7e-m+fp/hard\libgcc.a(_arm_cmpdf2.o)
                              CMakeFiles/base.dir/src/Core/Main.cpp.obj (__aeabi_dcmpeq)
C:/ST/STM32CubeCLT_1.17.0/GNU-tools-for-STM32/bin/../lib/gcc/arm-none-eabi/12.3.1/thumb/v7e-m+fp/hard\libgcc.a(_arm_fixdfsi.o)
                              CMakeFiles/base.dir/src/Core/Main.cpp.obj (__aeabi_d2iz)
C:/ST/STM32CubeCLT_1.17.0/GNU-tools-for-STM32/bin/../lib/gcc/arm-none-eabi/12.3.1/thumb/v7e-m+fp/hard\libgcc.a(_arm_fixunsdfsi.o)
                              CMakeFiles/base.dir/src/Core/Main.cpp.obj (__aeabi_d2uiz)
C:/ST/STM32CubeCLT_1.17.0/GNU-tools-for-STM32/bin/../lib/gcc/arm-none-eabi/12.3.1/thumb/v7e-m+fp/hard\libgcc.a(_aeabi_uldivmod.o)
                              CMakeFiles/base.dir/include/Drivers/STM32G4xx_HAL_Driver/Src/stm32g4xx_hal_uart.c.obj (__aeabi_uldivmod)
C:/ST/STM32CubeCLT_1.17.0/GNU-tools-for-STM32/bin/../lib/gcc/arm-none-eabi/12.3.1/thumb/v7e-m+fp/hard\libgcc.a(_udivmoddi4.o)
                              C:/ST/STM32CubeCLT_1.17.0/GNU-tools-for-STM32/bin/../lib/gcc/arm-none-eabi/12.3.1/thumb/v7e-m+fp/hard\libgcc.a(_aeabi_uldivmod.o) (__udivmoddi4)
C:/ST/STM32CubeCLT_1.17.0/GNU-tools-for-STM32/bin/../lib/gcc/arm-none-eabi/12.3.1/thumb/v7e-m+fp/hard\libgcc.a(_dvmd_tls.o)
                              C:/ST/STM32CubeCLT_1.17.0/GNU-tools-for-STM32/bin/../lib/gcc/arm-none-eabi/12.3.1/thumb/v7e-m+fp/hard\libgcc.a(_aeabi_uldivmod.o) (__aeabi_ldiv0)
C:/ST/STM32CubeCLT_1.17.0/GNU-tools-for-STM32/bin/../lib/gcc/arm-none-eabi/12.3.1/../../../../arm-none-eabi/lib/thumb/v7e-m+fp/hard\libg_nano.a(libc_a-abort.o)
                              C:/ST/STM32CubeCLT_1.17.0/GNU-tools-for-STM32/bin/../lib/gcc/arm-none-eabi/12.3.1/../../../../arm-none-eabi/lib/thumb/v7e-m+fp/hard\libstdc++_nano.a(new_op.o) (abort)
C:/ST/STM32CubeCLT_1.17.0/GNU-tools-for-STM32/bin/../lib/gcc/arm-none-eabi/12.3.1/../../../../arm-none-eabi/lib/thumb/v7e-m+fp/hard\libg_nano.a(libc_a-exit.o)
                              C:/ST/STM32CubeCLT_1.17.0/GNU-tools-for-STM32/bin/../lib/gcc/arm-none-eabi/12.3.1/../../../../arm-none-eabi/lib/thumb/v7e-m+fp/hard/crt0.o (exit)
C:/ST/STM32CubeCLT_1.17.0/GNU-tools-for-STM32/bin/../lib/gcc/arm-none-eabi/12.3.1/../../../../arm-none-eabi/lib/thumb/v7e-m+fp/hard\libg_nano.a(libc_a-malloc.o)
                              C:/ST/STM32CubeCLT_1.17.0/GNU-tools-for-STM32/bin/../lib/gcc/arm-none-eabi/12.3.1/../../../../arm-none-eabi/lib/thumb/v7e-m+fp/hard\libstdc++_nano.a(new_op.o) (malloc)
C:/ST/STM32CubeCLT_1.17.0/GNU-tools-for-STM32/bin/../lib/gcc/arm-none-eabi/12.3.1/../../../../arm-none-eabi/lib/thumb/v7e-m+fp/hard\libg_nano.a(libc_a-mallocr.o)
                              C:/ST/STM32CubeCLT_1.17.0/GNU-tools-for-STM32/bin/../lib/gcc/arm-none-eabi/12.3.1/../../../../arm-none-eabi/lib/thumb/v7e-m+fp/hard\libg_nano.a(libc_a-malloc.o) (_malloc_r)
C:/ST/STM32CubeCLT_1.17.0/GNU-tools-for-STM32/bin/../lib/gcc/arm-none-eabi/12.3.1/../../../../arm-none-eabi/lib/thumb/v7e-m+fp/hard\libg_nano.a(libc_a-mlock.o)
                              C:/ST/STM32CubeCLT_1.17.0/GNU-tools-for-STM32/bin/../lib/gcc/arm-none-eabi/12.3.1/../../../../arm-none-eabi/lib/thumb/v7e-m+fp/hard\libg_nano.a(libc_a-mallocr.o) (__malloc_lock)
C:/ST/STM32CubeCLT_1.17.0/GNU-tools-for-STM32/bin/../lib/gcc/arm-none-eabi/12.3.1/../../../../arm-none-eabi/lib/thumb/v7e-m+fp/hard\libg_nano.a(libc_a-findfp.o)
[...]
Memory Configuration

Name             Origin             Length             Attributes
RAM              0x20000000         0x00020000         xrw
FLASH            0x08000000         0x00080000         xr
*default*        0x00000000         0xffffffff

Linker script and memory map

LOAD C:/ST/STM32CubeCLT_1.17.0/GNU-tools-for-STM32/bin/../lib/gcc/arm-none-eabi/12.3.1/thumb/v7e-m+fp/hard/crti.o
LOAD C:/ST/STM32CubeCLT_1.17.0/GNU-tools-for-STM32/bin/../lib/gcc/arm-none-eabi/12.3.1/thumb/v7e-m+fp/hard/crtbegin.o
LOAD C:/ST/STM32CubeCLT_1.17.0/GNU-tools-for-STM32/bin/../lib/gcc/arm-none-eabi/12.3.1/../../../../arm-none-eabi/lib/thumb/v7e-m+fp/hard/crt0.o
LOAD CMakeFiles/base.dir/src/Core/Main.cpp.obj
LOAD CMakeFiles/base.dir/src/Core/motor.cpp.obj
LOAD CMakeFiles/base.dir/src/Core/Device.cpp.obj
LOAD CMakeFiles/base.dir/src/Interface/HCMSDisplay.cpp.obj
LOAD CMakeFiles/base.dir/src/Interface/UartPrint.cpp.obj
LOAD CMakeFiles/base.dir/include/startup_stm32g474xx.s.obj
LOAD CMakeFiles/base.dir/include/Core/Src/gpio.c.obj
LOAD CMakeFiles/base.dir/include/Core/Src/spi.c.obj
LOAD CMakeFiles/base.dir/include/Core/Src/stm32g4xx_hal_msp.c.obj
LOAD CMakeFiles/base.dir/include/Core/Src/stm32g4xx_it.c.obj
LOAD CMakeFiles/base.dir/include/Core/Src/system_stm32g4xx.c.obj
LOAD CMakeFiles/base.dir/include/Core/Src/usart.c.obj
LOAD CMakeFiles/base.dir/include/Core/Src/tim.c.obj
LOAD CMakeFiles/base.dir/include/Core/Src/i2c.c.obj
LOAD CMakeFiles/base.dir/include/Drivers/STM32G4xx_HAL_Driver/Src/stm32g4xx_hal_cortex.c.obj
LOAD CMakeFiles/base.dir/include/Drivers/STM32G4xx_HAL_Driver/Src/stm32g4xx_hal_dma_ex.c.obj
LOAD CMakeFiles/base.dir/include/Drivers/STM32G4xx_HAL_Driver/Src/stm32g4xx_hal_dma.c.obj
LOAD CMakeFiles/base.dir/include/Drivers/STM32G4xx_HAL_Driver/Src/stm32g4xx_hal_exti.c.obj
LOAD CMakeFiles/base.dir/include/Drivers/STM32G4xx_HAL_Driver/Src/stm32g4xx_hal_flash_ex.c.obj
LOAD CMakeFiles/base.dir/include/Drivers/STM32G4xx_HAL_Driver/Src/stm32g4xx_hal_flash_ramfunc.c.obj
LOAD CMakeFiles/base.dir/include/Drivers/STM32G4xx_HAL_Driver/Src/stm32g4xx_hal_flash.c.obj
LOAD CMakeFiles/base.dir/include/Drivers/STM32G4xx_HAL_Driver/Src/stm32g4xx_hal_gpio.c.obj
LOAD CMakeFiles/base.dir/include/Drivers/STM32G4xx_HAL_Driver/Src/stm32g4xx_hal_i2c_ex.c.obj
LOAD CMakeFiles/base.dir/include/Drivers/STM32G4xx_HAL_Driver/Src/stm32g4xx_hal_i2c.c.obj
LOAD CMakeFiles/base.dir/include/Drivers/STM32G4xx_HAL_Driver/Src/stm32g4xx_hal_pwr_ex.c.obj
LOAD CMakeFiles/base.dir/include/Drivers/STM32G4xx_HAL_Driver/Src/stm32g4xx_hal_pwr.c.obj
LOAD CMakeFiles/base.dir/include/Drivers/STM32G4xx_HAL_Driver/Src/stm32g4xx_hal_rcc_ex.c.obj
LOAD CMakeFiles/base.dir/include/Drivers/STM32G4xx_HAL_Driver/Src/stm32g4xx_hal_rcc.c.obj
LOAD CMakeFiles/base.dir/include/Drivers/STM32G4xx_HAL_Driver/Src/stm32g4xx_hal_spi_ex.c.obj
LOAD CMakeFiles/base.dir/include/Drivers/STM32G4xx_HAL_Driver/Src/stm32g4xx_hal_spi.c.obj
LOAD CMakeFiles/base.dir/include/Drivers/STM32G4xx_HAL_Driver/Src/stm32g4xx_hal_tim_ex.c.obj
LOAD CMakeFiles/base.dir/include/Drivers/STM32G4xx_HAL_Driver/Src/stm32g4xx_hal_tim.c.obj
LOAD CMakeFiles/base.dir/include/Drivers/STM32G4xx_HAL_Driver/Src/stm32g4xx_hal_uart_ex.c.obj
LOAD CMakeFiles/base.dir/include/Drivers/STM32G4xx_HAL_Driver/Src/stm32g4xx_hal_uart.c.obj
LOAD CMakeFiles/base.dir/include/Drivers/STM32G4xx_HAL_Driver/Src/stm32g4xx_hal.c.obj
LOAD C:/ST/STM32CubeCLT_1.17.0/GNU-tools-for-STM32/bin/../lib/gcc/arm-none-eabi/12.3.1/../../../../arm-none-eabi/lib/thumb/v7e-m+fp/hard\libstdc++_nano.a
LOAD C:/ST/STM32CubeCLT_1.17.0/GNU-tools-for-STM32/bin/../lib/gcc/arm-none-eabi/12.3.1/../../../../arm-none-eabi/lib/thumb/v7e-m+fp/hard\libm.a
START GROUP
LOAD C:/ST/STM32CubeCLT_1.17.0/GNU-tools-for-STM32/bin/../lib/gcc/arm-none-eabi/12.3.1/thumb/v7e-m+fp/hard\libgcc.a
LOAD C:/ST/STM32CubeCLT_1.17.0/GNU-tools-for-STM32/bin/../lib/gcc/arm-none-eabi/12.3.1/../../../../arm-none-eabi/lib/thumb/v7e-m+fp/hard\libg_nano.a
LOAD C:/ST/STM32CubeCLT_1.17.0/GNU-tools-for-STM32/bin/../lib/gcc/arm-none-eabi/12.3.1/../../../../arm-none-eabi/lib/thumb/v7e-m+fp/hard\libc_nano.a
END GROUP
START GROUP
LOAD C:/ST/STM32CubeCLT_1.17.0/GNU-tools-for-STM32/bin/../lib/gcc/arm-none-eabi/12.3.1/thumb/v7e-m+fp/hard\libgcc.a
LOAD C:/ST/STM32CubeCLT_1.17.0/GNU-tools-for-STM32/bin/../lib/gcc/arm-none-eabi/12.3.1/../../../../arm-none-eabi/lib/thumb/v7e-m+fp/hard\libc_nano.a
LOAD C:/ST/STM32CubeCLT_1.17.0/GNU-tools-for-STM32/bin/../lib/gcc/arm-none-eabi/12.3.1/../../../../arm-none-eabi/lib/thumb/v7e-m+fp/hard\libnosys.a
END GROUP
START GROUP
LOAD C:/ST/STM32CubeCLT_1.17.0/GNU-tools-for-STM32/bin/../lib/gcc/arm-none-eabi/12.3.1/thumb/v7e-m+fp/hard\libgcc.a
LOAD C:/ST/STM32CubeCLT_1.17.0/GNU-tools-for-STM32/bin/../lib/gcc/arm-none-eabi/12.3.1/../../../../arm-none-eabi/lib/thumb/v7e-m+fp/hard\libc_nano.a
LOAD C:/ST/STM32CubeCLT_1.17.0/GNU-tools-for-STM32/bin/../lib/gcc/arm-none-eabi/12.3.1/../../../../arm-none-eabi/lib/thumb/v7e-m+fp/hard\libnosys.a
END GROUP
LOAD C:/ST/STM32CubeCLT_1.17.0/GNU-tools-for-STM32/bin/../lib/gcc/arm-none-eabi/12.3.1/thumb/v7e-m+fp/hard/crtend.o
LOAD C:/ST/STM32CubeCLT_1.17.0/GNU-tools-for-STM32/bin/../lib/gcc/arm-none-eabi/12.3.1/thumb/v7e-m+fp/hard/crtn.o
                0x20020000                        _estack = (ORIGIN (RAM) + LENGTH (RAM))
                0x00000200                        _Min_Heap_Size = 0x200
                0x00000400                        _Min_Stack_Size = 0x400

.isr_vector     0x08000000      0x1d8
                0x08000000                        . = ALIGN (0x4)
 *(.isr_vector)
 .isr_vector    0x08000000      0x1d8 CMakeFiles/base.dir/include/startup_stm32g474xx.s.obj
                0x08000000                g_pfnVectors
                0x080001d8                        . = ALIGN (0x4)

.text           0x080001e0     0xa178
                0x080001e0                        . = ALIGN (0x4)
 *(.text)
 .text          0x080001e0       0x40 C:/ST/STM32CubeCLT_1.17.0/GNU-tools-for-STM32/bin/../lib/gcc/arm-none-eabi/12.3.1/thumb/v7e-m+fp/hard/crtbegin.o
 .text          0x08000220      0x378 C:/ST/STM32CubeCLT_1.17.0/GNU-tools-for-STM32/bin/../lib/gcc/arm-none-eabi/12.3.1/thumb/v7e-m+fp/hard\libgcc.a(_arm_addsubdf3.o)
                0x08000220                __aeabi_drsub
                0x08000228                __aeabi_dsub
                0x08000228                __subdf3
                0x0800022c                __aeabi_dadd
                0x0800022c                __adddf3
                0x080004a4                __floatunsidf
                0x080004a4                __aeabi_ui2d
                0x080004c4                __floatsidf
                0x080004c4                __aeabi_i2d
                0x080004e8                __aeabi_f2d
                0x080004e8                __extendsfdf2
                0x0800052c                __floatundidf
                0x0800052c                __aeabi_ul2d
                0x0800053c                __floatdidf
                0x0800053c                __aeabi_l2d
 .text          0x08000598      0x424 C:/ST/STM32CubeCLT_1.17.0/GNU-tools-for-STM32/bin/../lib/gcc/arm-none-eabi/12.3.1/thumb/v7e-m+fp/hard\libgcc.a(_arm_muldivdf3.o)
                0x08000598                __aeabi_dmul
                0x08000598                __muldf3
                0x080007ec                __divdf3
                0x080007ec                __aeabi_ddiv
 .text          0x080009bc      0x110 C:/ST/STM32CubeCLT_1.17.0/GNU-tools-for-STM32/bin/../lib/gcc/arm-none-eabi/12.3.1/thumb/v7e-m+fp/hard\libgcc.a(_arm_cmpdf2.o)
                0x080009bc                __gtdf2
                0x080009bc                __gedf2
                0x080009c4                __ltdf2
                0x080009c4                __ledf2
                0x080009cc                __nedf2
                0x080009cc                __eqdf2
                0x080009cc                __cmpdf2
                0x08000a48                __aeabi_cdrcmple
                0x08000a58                __aeabi_cdcmpeq
                0x08000a58                __aeabi_cdcmple
                0x08000a68                __aeabi_dcmpeq
                0x08000a7c                __aeabi_dcmplt
                0x08000a90                __aeabi_dcmple
                0x08000aa4                __aeabi_dcmpge
                0x08000ab8                __aeabi_dcmpgt
 .text          0x08000acc       0x50 C:/ST/STM32CubeCLT_1.17.0/GNU-tools-for-STM32/bin/../lib/gcc/arm-none-eabi/12.3.1/thumb/v7e-m+fp/hard\libgcc.a(_arm_fixdfsi.o)
                0x08000acc                __aeabi_d2iz
                0x08000acc                __fixdfsi
 .text          0x08000b1c       0x40 C:/ST/STM32CubeCLT_1.17.0/GNU-tools-for-STM32/bin/../lib/gcc/arm-none-eabi/12.3.1/thumb/v7e-m+fp/hard\libgcc.a(_arm_fixunsdfsi.o)
                0x08000b1c                __aeabi_d2uiz
                0x08000b1c                __fixunsdfsi
 .text          0x08000b5c       0x30 C:/ST/STM32CubeCLT_1.17.0/GNU-tools-for-STM32/bin/../lib/gcc/arm-none-eabi/12.3.1/thumb/v7e-m+fp/hard\libgcc.a(_aeabi_uldivmod.o)
                0x08000b5c                __aeabi_uldivmod
 .text          0x08000b8c      0x2bc C:/ST/STM32CubeCLT_1.17.0/GNU-tools-for-STM32/bin/../lib/gcc/arm-none-eabi/12.3.1/thumb/v7e-m+fp/hard\libgcc.a(_udivmoddi4.o)
                0x08000b8c                __udivmoddi4
 .text          0x08000e48        0x4 C:/ST/STM32CubeCLT_1.17.0/GNU-tools-for-STM32/bin/../lib/gcc/arm-none-eabi/12.3.1/thumb/v7e-m+fp/hard\libgcc.a(_dvmd_tls.o)
                0x08000e48                __aeabi_idiv0
                0x08000e48                __aeabi_ldiv0
 .text          0x08000e4c       0x10 C:/ST/STM32CubeCLT_1.17.0/GNU-tools-for-STM32/bin/../lib/gcc/arm-none-eabi/12.3.1/../../../../arm-none-eabi/lib/thumb/v7e-m+fp/hard\libg_nano.a(libc_a-strlen.o)
                0x08000e4c                strlen
 *fill*         0x08000e5c        0x4 
 .text          0x08000e60       0xa0 C:/ST/STM32CubeCLT_1.17.0/GNU-tools-for-STM32/bin/../lib/gcc/arm-none-eabi/12.3.1/../../../../arm-none-eabi/lib/thumb/v7e-m+fp/hard\libg_nano.a(libc_a-memchr.o)
                0x08000e60                memchr
 *(.text*)
 .text._ZN11HCMSDisplayC2EP12GPIO_TypeDefmS1_mS1_mS1_mS1_mhhhb
                0x08000f00       0x98 CMakeFiles/base.dir/src/Core/Main.cpp.obj
                0x08000f00                HCMSDisplay::HCMSDisplay(GPIO_TypeDef*, unsigned long, GPIO_TypeDef*, unsigned long, GPIO_TypeDef*, unsigned long, GPIO_TypeDef*, unsigned long, GPIO_TypeDef*, unsigned long, unsigned char, unsigned char, unsigned char, bool)
                0x08000f00                HCMSDisplay::HCMSDisplay(GPIO_TypeDef*, unsigned long, GPIO_TypeDef*, unsigned long, GPIO_TypeDef*, unsigned long, GPIO_TypeDef*, unsigned long, GPIO_TypeDef*, unsigned long, unsigned char, unsigned char, unsigned char, bool)
 .text._Z18SystemClock_Configv
                0x08000f98       0xaa CMakeFiles/base.dir/src/Core/Main.cpp.obj
                0x08000f98                SystemClock_Config()
 *fill*         0x08001042        0x2 
 .text.HAL_UART_RxCpltCallback
                0x08001044       0xb4 CMakeFiles/base.dir/src/Core/Main.cpp.obj
                0x08001044                HAL_UART_RxCpltCallback
 .text.HAL_TIM_PeriodElapsedCallback
                0x080010f8      0x2cc CMakeFiles/base.dir/src/Core/Main.cpp.obj
                0x080010f8                HAL_TIM_PeriodElapsedCallback
 *fill*         0x080013c4        0x4 
 .text.main     0x080013c8      0x37c CMakeFiles/base.dir/src/Core/Main.cpp.obj
                0x080013c8                main
 .text.Error_Handler
                0x08001744        0xa CMakeFiles/base.dir/src/Core/Main.cpp.obj
                0x08001744                Error_Handler
 *fill*         0x0800174e        0x2 
 .text._Z41__static_initialization_and_destruction_0ii
                0x08001750      0x2d4 CMakeFiles/base.dir/src/Core/Main.cpp.obj
 .text._GLOBAL__sub_I__Z18SystemClock_Configv
                0x08001a24       0x10 CMakeFiles/base.dir/src/Core/Main.cpp.obj
 .text._Z9frontmovev
                0x08001a34       0x20 CMakeFiles/base.dir/src/Core/motor.cpp.obj
                0x08001a34                frontmove()
 .text._Z8backmovev
                0x08001a54       0x20 CMakeFiles/base.dir/src/Core/motor.cpp.obj
                0x08001a54                backmove()
 .text._Z8stopmovev
                0x08001a74       0x20 CMakeFiles/base.dir/src/Core/motor.cpp.obj
                0x08001a74                stopmove()
 .text._ZN11HCMSDisplay5CLK_HEv
                0x08001a94       0x1e CMakeFiles/base.dir/src/Interface/HCMSDisplay.cpp.obj
                0x08001a94                HCMSDisplay::CLK_H()
 .text._ZN11HCMSDisplay4DA_HEv
                0x08001ab2       0x1e CMakeFiles/base.dir/src/Interface/HCMSDisplay.cpp.obj
                0x08001ab2                HCMSDisplay::DA_H()
 .text._ZN11HCMSDisplay4RS_HEv
                0x08001ad0       0x1e CMakeFiles/base.dir/src/Interface/HCMSDisplay.cpp.obj
                0x08001ad0                HCMSDisplay::RS_H()
 .text._ZN11HCMSDisplay4CE_HEv
                0x08001aee       0x1e CMakeFiles/base.dir/src/Interface/HCMSDisplay.cpp.obj
                0x08001aee                HCMSDisplay::CE_H()
 .text._ZN11HCMSDisplay7RESET_HEv
                0x08001b0c       0x1e CMakeFiles/base.dir/src/Interface/HCMSDisplay.cpp.obj
                0x08001b0c                HCMSDisplay::RESET_H()
 .text._ZN11HCMSDisplay5CLK_LEv
                0x08001b2a       0x1e CMakeFiles/base.dir/src/Interface/HCMSDisplay.cpp.obj
                0x08001b2a                HCMSDisplay::CLK_L()
 .text._ZN11HCMSDisplay4DA_LEv
                0x08001b48       0x1e CMakeFiles/base.dir/src/Interface/HCMSDisplay.cpp.obj
                0x08001b48                HCMSDisplay::DA_L()
 .text._ZN11HCMSDisplay4RS_LEv
                0x08001b66       0x1e CMakeFiles/base.dir/src/Interface/HCMSDisplay.cpp.obj
                0x08001b66                HCMSDisplay::RS_L()
 .text._ZN11HCMSDisplay4CE_LEv
                0x08001b84       0x1e CMakeFiles/base.dir/src/Interface/HCMSDisplay.cpp.obj
                0x08001b84                HCMSDisplay::CE_L()
 .text._ZN11HCMSDisplay7RESET_LEv
                0x08001ba2       0x1e CMakeFiles/base.dir/src/Interface/HCMSDisplay.cpp.obj
                0x08001ba2                HCMSDisplay::RESET_L()
 .text._ZN11HCMSDisplay4InitEhhb
                0x08001bc0       0x54 CMakeFiles/base.dir/src/Interface/HCMSDisplay.cpp.obj
                0x08001bc0                HCMSDisplay::Init(unsigned char, unsigned char, bool)
 .text._ZN11HCMSDisplay11CtrlRegLoadEh
                0x08001c14       0x7a CMakeFiles/base.dir/src/Interface/HCMSDisplay.cpp.obj
                0x08001c14                HCMSDisplay::CtrlRegLoad(unsigned char)
 .text._ZN11HCMSDisplay8DataLoadEPc
                0x08001c8e       0xd6 CMakeFiles/base.dir/src/Interface/HCMSDisplay.cpp.obj
                0x08001c8e                HCMSDisplay::DataLoad(char*)
 .text._ZN11HCMSDisplay10CtrlRegSetEhhb
                0x08001d64      0x15e CMakeFiles/base.dir/src/Interface/HCMSDisplay.cpp.obj
                0x08001d64                HCMSDisplay::CtrlRegSet(unsigned char, unsigned char, bool)
 .text._ZN11HCMSDisplay5PrintEPKcz
                0x08001ec2       0x48 CMakeFiles/base.dir/src/Interface/HCMSDisplay.cpp.obj
                0x08001ec2                HCMSDisplay::Print(char const*, ...)
 *fill*         0x08001f0a        0x2 
 .text._ZN9UartPrintC2EP20__UART_HandleTypeDefm
                0x08001f0c       0x2c CMakeFiles/base.dir/src/Interface/UartPrint.cpp.obj
                0x08001f0c                UartPrint::UartPrint(__UART_HandleTypeDef*, unsigned long)
                0x08001f0c                UartPrint::UartPrint(__UART_HandleTypeDef*, unsigned long)
 .text._ZN9UartPrint5PrintEPKcz
                0x08001f38       0x5e CMakeFiles/base.dir/src/Interface/UartPrint.cpp.obj
                0x08001f38                UartPrint::Print(char const*, ...)
 *fill*         0x08001f96        0x2 
 .text.Reset_Handler
                0x08001f98       0x50 CMakeFiles/base.dir/include/startup_stm32g474xx.s.obj
                0x08001f98                Reset_Handler
 .text.Default_Handler
                0x08001fe8        0x2 CMakeFiles/base.dir/include/startup_stm32g474xx.s.obj
                0x08001fe8                RTC_Alarm_IRQHandler
                0x08001fe8                EXTI2_IRQHandler
                0x08001fe8                TIM8_TRG_COM_IRQHandler
                0x08001fe8                TIM8_CC_IRQHandler
                0x08001fe8                HRTIM1_Master_IRQHandler
                0x08001fe8                SPI4_IRQHandler
                0x08001fe8                FDCAN3_IT0_IRQHandler
                0x08001fe8                TIM1_CC_IRQHandler
                0x08001fe8                HRTIM1_FLT_IRQHandler
                0x08001fe8                HRTIM1_TIMF_IRQHandler
                0x08001fe8                USB_HP_IRQHandler
                0x08001fe8                CORDIC_IRQHandler
                0x08001fe8                HRTIM1_TIMD_IRQHandler
                0x08001fe8                DMA2_Channel8_IRQHandler
                0x08001fe8                EXTI3_IRQHandler
                0x08001fe8                EXTI0_IRQHandler
                0x08001fe8                I2C2_EV_IRQHandler
                0x08001fe8                FPU_IRQHandler
                0x08001fe8                FDCAN1_IT1_IRQHandler
                0x08001fe8                TIM1_UP_TIM16_IRQHandler
                0x08001fe8                ADC1_2_IRQHandler
                0x08001fe8                HRTIM1_TIME_IRQHandler
                0x08001fe8                SPI1_IRQHandler
                0x08001fe8                TIM6_DAC_IRQHandler
                0x08001fe8                HRTIM1_TIMC_IRQHandler
                0x08001fe8                TIM8_UP_IRQHandler
                0x08001fe8                DMA2_Channel2_IRQHandler
                0x08001fe8                DMA1_Channel4_IRQHandler
                0x08001fe8                TIM20_TRG_COM_IRQHandler
                0x08001fe8                USART3_IRQHandler
                0x08001fe8                DMA1_Channel7_IRQHandler
                0x08001fe8                UART5_IRQHandler
                0x08001fe8                ADC3_IRQHandler
                0x08001fe8                DMA2_Channel1_IRQHandler
                0x08001fe8                QUADSPI_IRQHandler
                0x08001fe8                I2C1_EV_IRQHandler
                0x08001fe8                DMA1_Channel6_IRQHandler
                0x08001fe8                UART4_IRQHandler
                0x08001fe8                DMA2_Channel4_IRQHandler
                0x08001fe8                RCC_IRQHandler
                0x08001fe8                TIM20_UP_IRQHandler
                0x08001fe8                DMA1_Channel1_IRQHandler
                0x08001fe8                Default_Handler
                0x08001fe8                DMA2_Channel7_IRQHandler
                0x08001fe8                RTC_TAMP_LSECSS_IRQHandler
                0x08001fe8                FMAC_IRQHandler
                0x08001fe8                EXTI15_10_IRQHandler
                0x08001fe8                DMA1_Channel8_IRQHandler
                0x08001fe8                HRTIM1_TIMA_IRQHandler
                0x08001fe8                TIM7_DAC_IRQHandler
                0x08001fe8                FDCAN3_IT1_IRQHandler
                0x08001fe8                TIM5_IRQHandler
                0x08001fe8                UCPD1_IRQHandler
                0x08001fe8                EXTI9_5_IRQHandler
                0x08001fe8                RTC_WKUP_IRQHandler
                0x08001fe8                PVD_PVM_IRQHandler
                0x08001fe8                SPI2_IRQHandler
                0x08001fe8                ADC5_IRQHandler
                0x08001fe8                DMA2_Channel5_IRQHandler
                0x08001fe8                CRS_IRQHandler
                0x08001fe8                DMA1_Channel5_IRQHandler
                0x08001fe8                USB_LP_IRQHandler
                0x08001fe8                EXTI4_IRQHandler
                0x08001fe8                RNG_IRQHandler
                0x08001fe8                HRTIM1_TIMB_IRQHandler
                0x08001fe8                TIM1_TRG_COM_TIM17_IRQHandler
                0x08001fe8                FDCAN2_IT1_IRQHandler
                0x08001fe8                DMA1_Channel3_IRQHandler
                0x08001fe8                ADC4_IRQHandler
                0x08001fe8                WWDG_IRQHandler
                0x08001fe8                I2C4_EV_IRQHandler
                0x08001fe8                FDCAN2_IT0_IRQHandler
                0x08001fe8                LPUART1_IRQHandler
                0x08001fe8                DMA2_Channel6_IRQHandler
                0x08001fe8                FDCAN1_IT0_IRQHandler
                0x08001fe8                COMP7_IRQHandler
                0x08001fe8                COMP1_2_3_IRQHandler
                0x08001fe8                EXTI1_IRQHandler
                0x08001fe8                COMP4_5_6_IRQHandler
                0x08001fe8                TIM20_BRK_IRQHandler
                0x08001fe8                I2C2_ER_IRQHandler
                0x08001fe8                DMA1_Channel2_IRQHandler
                0x08001fe8                TIM8_BRK_IRQHandler
                0x08001fe8                FLASH_IRQHandler
                0x08001fe8                TIM20_CC_IRQHandler
                0x08001fe8                SPI3_IRQHandler
                0x08001fe8                I2C1_ER_IRQHandler
                0x08001fe8                FMC_IRQHandler
                0x08001fe8                LPTIM1_IRQHandler
                0x08001fe8                DMAMUX_OVR_IRQHandler
                0x08001fe8                I2C4_ER_IRQHandler
                0x08001fe8                USBWakeUp_IRQHandler
                0x08001fe8                SAI1_IRQHandler
                0x08001fe8                DMA2_Channel3_IRQHandler
                0x08001fe8                TIM1_BRK_TIM15_IRQHandler
 *fill*         0x08001fea        0x2 
 .text.MX_GPIO_Init
                0x08001fec      0x174 CMakeFiles/base.dir/include/Core/Src/gpio.c.obj
                0x08001fec                MX_GPIO_Init
 .text.MX_SPI3_Init
                0x08002160       0x7c CMakeFiles/base.dir/include/Core/Src/spi.c.obj
                0x08002160                MX_SPI3_Init
 .text.HAL_SPI_MspInit
                0x080021dc       0xac CMakeFiles/base.dir/include/Core/Src/spi.c.obj
                0x080021dc                HAL_SPI_MspInit
 .text.HAL_MspInit
                0x08002288       0x48 CMakeFiles/base.dir/include/Core/Src/stm32g4xx_hal_msp.c.obj
                0x08002288                HAL_MspInit
 .text.NMI_Handler
                0x080022d0        0x6 CMakeFiles/base.dir/include/Core/Src/stm32g4xx_it.c.obj
                0x080022d0                NMI_Handler
 .text.HardFault_Handler
                0x080022d6        0x6 CMakeFiles/base.dir/include/Core/Src/stm32g4xx_it.c.obj
                0x080022d6                HardFault_Handler
 .text.MemManage_Handler
                0x080022dc        0x6 CMakeFiles/base.dir/include/Core/Src/stm32g4xx_it.c.obj
                0x080022dc                MemManage_Handler
 .text.BusFault_Handler
                0x080022e2        0x6 CMakeFiles/base.dir/include/Core/Src/stm32g4xx_it.c.obj
                0x080022e2                BusFault_Handler
 .text.UsageFault_Handler
                0x080022e8        0x6 CMakeFiles/base.dir/include/Core/Src/stm32g4xx_it.c.obj
                0x080022e8                UsageFault_Handler
 .text.SVC_Handler
                0x080022ee        0xe CMakeFiles/base.dir/include/Core/Src/stm32g4xx_it.c.obj
                0x080022ee                SVC_Handler
 .text.DebugMon_Handler
                0x080022fc        0xe CMakeFiles/base.dir/include/Core/Src/stm32g4xx_it.c.obj
                0x080022fc                DebugMon_Handler
 .text.PendSV_Handler
                0x0800230a        0xe CMakeFiles/base.dir/include/Core/Src/stm32g4xx_it.c.obj
                0x0800230a                PendSV_Handler
 .text.SysTick_Handler
                0x08002318        0xc CMakeFiles/base.dir/include/Core/Src/stm32g4xx_it.c.obj
                0x08002318                SysTick_Handler
 .text.TIM2_IRQHandler
                0x08002324       0x14 CMakeFiles/base.dir/include/Core/Src/stm32g4xx_it.c.obj
                0x08002324                TIM2_IRQHandler
 .text.TIM3_IRQHandler
                0x08002338       0x14 CMakeFiles/base.dir/include/Core/Src/stm32g4xx_it.c.obj
                0x08002338                TIM3_IRQHandler
 .text.TIM4_IRQHandler
                0x0800234c       0x14 CMakeFiles/base.dir/include/Core/Src/stm32g4xx_it.c.obj
                0x0800234c                TIM4_IRQHandler
 .text.USART1_IRQHandler
                0x08002360       0x14 CMakeFiles/base.dir/include/Core/Src/stm32g4xx_it.c.obj
                0x08002360                USART1_IRQHandler
 .text.USART2_IRQHandler
                0x08002374       0x14 CMakeFiles/base.dir/include/Core/Src/stm32g4xx_it.c.obj
                0x08002374                USART2_IRQHandler
 .text.I2C3_EV_IRQHandler
                0x08002388       0x14 CMakeFiles/base.dir/include/Core/Src/stm32g4xx_it.c.obj
                0x08002388                I2C3_EV_IRQHandler
 .text.I2C3_ER_IRQHandler
                0x0800239c       0x14 CMakeFiles/base.dir/include/Core/Src/stm32g4xx_it.c.obj
                0x0800239c                I2C3_ER_IRQHandler
 .text.SystemInit
                0x080023b0       0x24 CMakeFiles/base.dir/include/Core/Src/system_stm32g4xx.c.obj
                0x080023b0                SystemInit
 .text.MX_USART1_UART_Init
                0x080023d4       0x98 CMakeFiles/base.dir/include/Core/Src/usart.c.obj
                0x080023d4                MX_USART1_UART_Init
 .text.MX_USART2_UART_Init
                0x0800246c       0x98 CMakeFiles/base.dir/include/Core/Src/usart.c.obj
                0x0800246c                MX_USART2_UART_Init
 .text.MX_USART3_UART_Init
                0x08002504       0x98 CMakeFiles/base.dir/include/Core/Src/usart.c.obj
                0x08002504                MX_USART3_UART_Init
 .text.HAL_UART_MspInit
                0x0800259c      0x230 CMakeFiles/base.dir/include/Core/Src/usart.c.obj
                0x0800259c                HAL_UART_MspInit
 .text.MX_TIM1_Init
                0x080027cc       0xb4 CMakeFiles/base.dir/include/Core/Src/tim.c.obj
                0x080027cc                MX_TIM1_Init
 .text.MX_TIM2_Init
                0x08002880       0xb0 CMakeFiles/base.dir/include/Core/Src/tim.c.obj
                0x08002880                MX_TIM2_Init
 .text.MX_TIM3_Init
                0x08002930       0x9c CMakeFiles/base.dir/include/Core/Src/tim.c.obj
                0x08002930                MX_TIM3_Init
 .text.MX_TIM4_Init
                0x080029cc       0x9c CMakeFiles/base.dir/include/Core/Src/tim.c.obj
                0x080029cc                MX_TIM4_Init
 .text.HAL_TIM_Encoder_MspInit
                0x08002a68       0x88 CMakeFiles/base.dir/include/Core/Src/tim.c.obj
                0x08002a68                HAL_TIM_Encoder_MspInit
 .text.HAL_TIM_PWM_MspInit
                0x08002af0       0x48 CMakeFiles/base.dir/include/Core/Src/tim.c.obj
                0x08002af0                HAL_TIM_PWM_MspInit
 .text.HAL_TIM_Base_MspInit
                0x08002b38       0x84 CMakeFiles/base.dir/include/Core/Src/tim.c.obj
                0x08002b38                HAL_TIM_Base_MspInit
 .text.HAL_TIM_MspPostInit
                0x08002bbc       0x6c CMakeFiles/base.dir/include/Core/Src/tim.c.obj
                0x08002bbc                HAL_TIM_MspPostInit
 .text.MX_I2C3_Init
                0x08002c28       0x80 CMakeFiles/base.dir/include/Core/Src/i2c.c.obj
                0x08002c28                MX_I2C3_Init
 .text.HAL_I2C_MspInit
                0x08002ca8       0xd4 CMakeFiles/base.dir/include/Core/Src/i2c.c.obj
                0x08002ca8                HAL_I2C_MspInit
 .text.__NVIC_SetPriorityGrouping
                0x08002d7c       0x48 CMakeFiles/base.dir/include/Drivers/STM32G4xx_HAL_Driver/Src/stm32g4xx_hal_cortex.c.obj
 .text.__NVIC_GetPriorityGrouping
                0x08002dc4       0x1c CMakeFiles/base.dir/include/Drivers/STM32G4xx_HAL_Driver/Src/stm32g4xx_hal_cortex.c.obj
 .text.__NVIC_EnableIRQ
                0x08002de0       0x3c CMakeFiles/base.dir/include/Drivers/STM32G4xx_HAL_Driver/Src/stm32g4xx_hal_cortex.c.obj
 .text.__NVIC_SetPriority
                0x08002e1c       0x54 CMakeFiles/base.dir/include/Drivers/STM32G4xx_HAL_Driver/Src/stm32g4xx_hal_cortex.c.obj
 .text.NVIC_EncodePriority
                0x08002e70       0x66 CMakeFiles/base.dir/include/Drivers/STM32G4xx_HAL_Driver/Src/stm32g4xx_hal_cortex.c.obj
 *fill*         0x08002ed6        0x2 
 .text.SysTick_Config
                0x08002ed8       0x44 CMakeFiles/base.dir/include/Drivers/STM32G4xx_HAL_Driver/Src/stm32g4xx_hal_cortex.c.obj
 .text.HAL_NVIC_SetPriorityGrouping
                0x08002f1c       0x16 CMakeFiles/base.dir/include/Drivers/STM32G4xx_HAL_Driver/Src/stm32g4xx_hal_cortex.c.obj
                0x08002f1c                HAL_NVIC_SetPriorityGrouping
 .text.HAL_NVIC_SetPriority
                0x08002f32       0x34 CMakeFiles/base.dir/include/Drivers/STM32G4xx_HAL_Driver/Src/stm32g4xx_hal_cortex.c.obj
                0x08002f32                HAL_NVIC_SetPriority
 .text.HAL_NVIC_EnableIRQ
                0x08002f66       0x1c CMakeFiles/base.dir/include/Drivers/STM32G4xx_HAL_Driver/Src/stm32g4xx_hal_cortex.c.obj
                0x08002f66                HAL_NVIC_EnableIRQ
 .text.HAL_SYSTICK_Config
                0x08002f82       0x18 CMakeFiles/base.dir/include/Drivers/STM32G4xx_HAL_Driver/Src/stm32g4xx_hal_cortex.c.obj
                0x08002f82                HAL_SYSTICK_Config
 .text.HAL_DMA_Abort
                0x08002f9a       0xb2 CMakeFiles/base.dir/include/Drivers/STM32G4xx_HAL_Driver/Src/stm32g4xx_hal_dma.c.obj
                0x08002f9a                HAL_DMA_Abort
 .text.HAL_DMA_Abort_IT
                0x0800304c       0xce CMakeFiles/base.dir/include/Drivers/STM32G4xx_HAL_Driver/Src/stm32g4xx_hal_dma.c.obj
                0x0800304c                HAL_DMA_Abort_IT
 .text.HAL_DMA_GetState
                0x0800311a       0x1c CMakeFiles/base.dir/include/Drivers/STM32G4xx_HAL_Driver/Src/stm32g4xx_hal_dma.c.obj
                0x0800311a                HAL_DMA_GetState
 *fill*         0x08003136        0x2 
 .text.HAL_GPIO_Init
                0x08003138      0x304 CMakeFiles/base.dir/include/Drivers/STM32G4xx_HAL_Driver/Src/stm32g4xx_hal_gpio.c.obj
                0x08003138                HAL_GPIO_Init
 .text.HAL_GPIO_WritePin
                0x0800343c       0x30 CMakeFiles/base.dir/include/Drivers/STM32G4xx_HAL_Driver/Src/stm32g4xx_hal_gpio.c.obj
                0x0800343c                HAL_GPIO_WritePin
 .text.HAL_I2CEx_ConfigAnalogFilter
                0x0800346c       0x96 CMakeFiles/base.dir/include/Drivers/STM32G4xx_HAL_Driver/Src/stm32g4xx_hal_i2c_ex.c.obj
                0x0800346c                HAL_I2CEx_ConfigAnalogFilter
 .text.HAL_I2CEx_ConfigDigitalFilter
                0x08003502       0x98 CMakeFiles/base.dir/include/Drivers/STM32G4xx_HAL_Driver/Src/stm32g4xx_hal_i2c_ex.c.obj
                0x08003502                HAL_I2CEx_ConfigDigitalFilter
 .text.HAL_I2C_Init
                0x0800359a      0x11e CMakeFiles/base.dir/include/Drivers/STM32G4xx_HAL_Driver/Src/stm32g4xx_hal_i2c.c.obj
                0x0800359a                HAL_I2C_Init
 .text.HAL_I2C_Mem_Read
                0x080036b8      0x234 CMakeFiles/base.dir/include/Drivers/STM32G4xx_HAL_Driver/Src/stm32g4xx_hal_i2c.c.obj
                0x080036b8                HAL_I2C_Mem_Read
 .text.HAL_I2C_EV_IRQHandler
                0x080038ec       0x34 CMakeFiles/base.dir/include/Drivers/STM32G4xx_HAL_Driver/Src/stm32g4xx_hal_i2c.c.obj
                0x080038ec                HAL_I2C_EV_IRQHandler
 .text.HAL_I2C_ER_IRQHandler
                0x08003920       0xb6 CMakeFiles/base.dir/include/Drivers/STM32G4xx_HAL_Driver/Src/stm32g4xx_hal_i2c.c.obj
                0x08003920                HAL_I2C_ER_IRQHandler
 .text.HAL_I2C_SlaveTxCpltCallback
                0x080039d6       0x14 CMakeFiles/base.dir/include/Drivers/STM32G4xx_HAL_Driver/Src/stm32g4xx_hal_i2c.c.obj
                0x080039d6                HAL_I2C_SlaveTxCpltCallback
 .text.HAL_I2C_SlaveRxCpltCallback
                0x080039ea       0x14 CMakeFiles/base.dir/include/Drivers/STM32G4xx_HAL_Driver/Src/stm32g4xx_hal_i2c.c.obj
                0x080039ea                HAL_I2C_SlaveRxCpltCallback
 .text.HAL_I2C_AddrCallback
                0x080039fe       0x1c CMakeFiles/base.dir/include/Drivers/STM32G4xx_HAL_Driver/Src/stm32g4xx_hal_i2c.c.obj
                0x080039fe                HAL_I2C_AddrCallback
 .text.HAL_I2C_ListenCpltCallback
                0x08003a1a       0x14 CMakeFiles/base.dir/include/Drivers/STM32G4xx_HAL_Driver/Src/stm32g4xx_hal_i2c.c.obj
                0x08003a1a                HAL_I2C_ListenCpltCallback
 .text.HAL_I2C_ErrorCallback
                0x08003a2e       0x14 CMakeFiles/base.dir/include/Drivers/STM32G4xx_HAL_Driver/Src/stm32g4xx_hal_i2c.c.obj
                0x08003a2e                HAL_I2C_ErrorCallback
 .text.HAL_I2C_AbortCpltCallback
                0x08003a42       0x14 CMakeFiles/base.dir/include/Drivers/STM32G4xx_HAL_Driver/Src/stm32g4xx_hal_i2c.c.obj
                0x08003a42                HAL_I2C_AbortCpltCallback
 .text.I2C_Slave_ISR_IT
                0x08003a56      0x1f0 CMakeFiles/base.dir/include/Drivers/STM32G4xx_HAL_Driver/Src/stm32g4xx_hal_i2c.c.obj
 *fill*         0x08003c46        0x2 
 .text.I2C_RequestMemoryRead
                0x08003c48       0xa8 CMakeFiles/base.dir/include/Drivers/STM32G4xx_HAL_Driver/Src/stm32g4xx_hal_i2c.c.obj
 .text.I2C_ITAddrCplt
                0x08003cf0      0x108 CMakeFiles/base.dir/include/Drivers/STM32G4xx_HAL_Driver/Src/stm32g4xx_hal_i2c.c.obj
 .text.I2C_ITSlaveSeqCplt
                0x08003df8       0xb8 CMakeFiles/base.dir/include/Drivers/STM32G4xx_HAL_Driver/Src/stm32g4xx_hal_i2c.c.obj
 .text.I2C_ITSlaveCplt
                0x08003eb0      0x20c CMakeFiles/base.dir/include/Drivers/STM32G4xx_HAL_Driver/Src/stm32g4xx_hal_i2c.c.obj
 .text.I2C_ITListenCplt
                0x080040bc       0xa8 CMakeFiles/base.dir/include/Drivers/STM32G4xx_HAL_Driver/Src/stm32g4xx_hal_i2c.c.obj
 .text.I2C_ITError
                0x08004164      0x1a0 CMakeFiles/base.dir/include/Drivers/STM32G4xx_HAL_Driver/Src/stm32g4xx_hal_i2c.c.obj
 .text.I2C_TreatErrorCallback
                0x08004304       0x4e CMakeFiles/base.dir/include/Drivers/STM32G4xx_HAL_Driver/Src/stm32g4xx_hal_i2c.c.obj
 .text.I2C_Flush_TXDR
                0x08004352       0x48 CMakeFiles/base.dir/include/Drivers/STM32G4xx_HAL_Driver/Src/stm32g4xx_hal_i2c.c.obj
 .text.I2C_DMAAbort
                0x0800439a       0x3c CMakeFiles/base.dir/include/Drivers/STM32G4xx_HAL_Driver/Src/stm32g4xx_hal_i2c.c.obj
 .text.I2C_WaitOnFlagUntilTimeout
                0x080043d6       0x80 CMakeFiles/base.dir/include/Drivers/STM32G4xx_HAL_Driver/Src/stm32g4xx_hal_i2c.c.obj
 .text.I2C_WaitOnTXISFlagUntilTimeout
                0x08004456       0x80 CMakeFiles/base.dir/include/Drivers/STM32G4xx_HAL_Driver/Src/stm32g4xx_hal_i2c.c.obj
 .text.I2C_WaitOnSTOPFlagUntilTimeout
                0x080044d6       0x78 CMakeFiles/base.dir/include/Drivers/STM32G4xx_HAL_Driver/Src/stm32g4xx_hal_i2c.c.obj
 *fill*         0x0800454e        0x2 
 .text.I2C_IsErrorOccurred
                0x08004550      0x1d8 CMakeFiles/base.dir/include/Drivers/STM32G4xx_HAL_Driver/Src/stm32g4xx_hal_i2c.c.obj
 .text.I2C_TransferConfig
                0x08004728       0x64 CMakeFiles/base.dir/include/Drivers/STM32G4xx_HAL_Driver/Src/stm32g4xx_hal_i2c.c.obj
 .text.I2C_Disable_IRQ
                0x0800478c       0xbc CMakeFiles/base.dir/include/Drivers/STM32G4xx_HAL_Driver/Src/stm32g4xx_hal_i2c.c.obj
 .text.HAL_PWREx_ControlVoltageScaling
                0x08004848      0x148 CMakeFiles/base.dir/include/Drivers/STM32G4xx_HAL_Driver/Src/stm32g4xx_hal_pwr_ex.c.obj
                0x08004848                HAL_PWREx_ControlVoltageScaling
 .text.HAL_PWREx_DisableUCPDDeadBattery
                0x08004990       0x20 CMakeFiles/base.dir/include/Drivers/STM32G4xx_HAL_Driver/Src/stm32g4xx_hal_pwr_ex.c.obj
                0x08004990                HAL_PWREx_DisableUCPDDeadBattery
 .text.HAL_RCCEx_PeriphCLKConfig
                0x080049b0      0x49c CMakeFiles/base.dir/include/Drivers/STM32G4xx_HAL_Driver/Src/stm32g4xx_hal_rcc_ex.c.obj
                0x080049b0                HAL_RCCEx_PeriphCLKConfig
 .text.HAL_RCC_OscConfig
                0x08004e4c      0x630 CMakeFiles/base.dir/include/Drivers/STM32G4xx_HAL_Driver/Src/stm32g4xx_hal_rcc.c.obj
                0x08004e4c                HAL_RCC_OscConfig
 .text.HAL_RCC_ClockConfig
                0x0800547c      0x278 CMakeFiles/base.dir/include/Drivers/STM32G4xx_HAL_Driver/Src/stm32g4xx_hal_rcc.c.obj
                0x0800547c                HAL_RCC_ClockConfig
 .text.HAL_RCC_GetSysClockFreq
                0x080056f4       0xc4 CMakeFiles/base.dir/include/Drivers/STM32G4xx_HAL_Driver/Src/stm32g4xx_hal_rcc.c.obj
                0x080056f4                HAL_RCC_GetSysClockFreq
 .text.HAL_RCC_GetHCLKFreq
                0x080057b8       0x18 CMakeFiles/base.dir/include/Drivers/STM32G4xx_HAL_Driver/Src/stm32g4xx_hal_rcc.c.obj
                0x080057b8                HAL_RCC_GetHCLKFreq
 .text.HAL_RCC_GetPCLK1Freq
                0x080057d0       0x2c CMakeFiles/base.dir/include/Drivers/STM32G4xx_HAL_Driver/Src/stm32g4xx_hal_rcc.c.obj
                0x080057d0                HAL_RCC_GetPCLK1Freq
 .text.HAL_RCC_GetPCLK2Freq
                0x080057fc       0x2c CMakeFiles/base.dir/include/Drivers/STM32G4xx_HAL_Driver/Src/stm32g4xx_hal_rcc.c.obj
                0x080057fc                HAL_RCC_GetPCLK2Freq
 .text.RCC_GetSysClockFreqFromPLLSource
                0x08005828       0x8c CMakeFiles/base.dir/include/Drivers/STM32G4xx_HAL_Driver/Src/stm32g4xx_hal_rcc.c.obj
 .text.HAL_SPI_Init
                0x080058b4      0x156 CMakeFiles/base.dir/include/Drivers/STM32G4xx_HAL_Driver/Src/stm32g4xx_hal_spi.c.obj
                0x080058b4                HAL_SPI_Init
 *fill*         0x08005a0a        0x2 
 .text.HAL_TIMEx_MasterConfigSynchronization
                0x08005a0c      0x12c CMakeFiles/base.dir/include/Drivers/STM32G4xx_HAL_Driver/Src/stm32g4xx_hal_tim_ex.c.obj
                0x08005a0c                HAL_TIMEx_MasterConfigSynchronization
 .text.HAL_TIMEx_CommutCallback
                0x08005b38       0x14 CMakeFiles/base.dir/include/Drivers/STM32G4xx_HAL_Driver/Src/stm32g4xx_hal_tim_ex.c.obj
                0x08005b38                HAL_TIMEx_CommutCallback
 .text.HAL_TIMEx_BreakCallback
                0x08005b4c       0x14 CMakeFiles/base.dir/include/Drivers/STM32G4xx_HAL_Driver/Src/stm32g4xx_hal_tim_ex.c.obj
                0x08005b4c                HAL_TIMEx_BreakCallback
 .text.HAL_TIMEx_Break2Callback
                0x08005b60       0x14 CMakeFiles/base.dir/include/Drivers/STM32G4xx_HAL_Driver/Src/stm32g4xx_hal_tim_ex.c.obj
                0x08005b60                HAL_TIMEx_Break2Callback
 .text.HAL_TIMEx_EncoderIndexCallback
                0x08005b74       0x14 CMakeFiles/base.dir/include/Drivers/STM32G4xx_HAL_Driver/Src/stm32g4xx_hal_tim_ex.c.obj
                0x08005b74                HAL_TIMEx_EncoderIndexCallback
 .text.HAL_TIMEx_DirectionChangeCallback
                0x08005b88       0x14 CMakeFiles/base.dir/include/Drivers/STM32G4xx_HAL_Driver/Src/stm32g4xx_hal_tim_ex.c.obj
                0x08005b88                HAL_TIMEx_DirectionChangeCallback
 .text.HAL_TIMEx_IndexErrorCallback
                0x08005b9c       0x14 CMakeFiles/base.dir/include/Drivers/STM32G4xx_HAL_Driver/Src/stm32g4xx_hal_tim_ex.c.obj
                0x08005b9c                HAL_TIMEx_IndexErrorCallback
 .text.HAL_TIMEx_TransitionErrorCallback
                0x08005bb0       0x14 CMakeFiles/base.dir/include/Drivers/STM32G4xx_HAL_Driver/Src/stm32g4xx_hal_tim_ex.c.obj
                0x08005bb0                HAL_TIMEx_TransitionErrorCallback
 .text.HAL_TIM_Base_Init
                0x08005bc4       0xae CMakeFiles/base.dir/include/Drivers/STM32G4xx_HAL_Driver/Src/stm32g4xx_hal_tim.c.obj
                0x08005bc4                HAL_TIM_Base_Init
 *fill*         0x08005c72        0x2 
 .text.HAL_TIM_Base_Start_IT
                0x08005c74       0xf0 CMakeFiles/base.dir/include/Drivers/STM32G4xx_HAL_Driver/Src/stm32g4xx_hal_tim.c.obj
                0x08005c74                HAL_TIM_Base_Start_IT
 .text.HAL_TIM_PWM_Init
                0x08005d64       0xae CMakeFiles/base.dir/include/Drivers/STM32G4xx_HAL_Driver/Src/stm32g4xx_hal_tim.c.obj
                0x08005d64                HAL_TIM_PWM_Init
 *fill*         0x08005e12        0x2 
 .text.HAL_TIM_PWM_Start
                0x08005e14      0x224 CMakeFiles/base.dir/include/Drivers/STM32G4xx_HAL_Driver/Src/stm32g4xx_hal_tim.c.obj
                0x08005e14                HAL_TIM_PWM_Start
 .text.HAL_TIM_Encoder_Init
                0x08006038      0x14c CMakeFiles/base.dir/include/Drivers/STM32G4xx_HAL_Driver/Src/stm32g4xx_hal_tim.c.obj
                0x08006038                HAL_TIM_Encoder_Init
 .text.HAL_TIM_IRQHandler
                0x08006184      0x2fe CMakeFiles/base.dir/include/Drivers/STM32G4xx_HAL_Driver/Src/stm32g4xx_hal_tim.c.obj
                0x08006184                HAL_TIM_IRQHandler
 *fill*         0x08006482        0x2 
 .text.HAL_TIM_PWM_ConfigChannel
                0x08006484      0x228 CMakeFiles/base.dir/include/Drivers/STM32G4xx_HAL_Driver/Src/stm32g4xx_hal_tim.c.obj
                0x08006484                HAL_TIM_PWM_ConfigChannel
 .text.HAL_TIM_ConfigClockSource
                0x080066ac      0x22c CMakeFiles/base.dir/include/Drivers/STM32G4xx_HAL_Driver/Src/stm32g4xx_hal_tim.c.obj
                0x080066ac                HAL_TIM_ConfigClockSource
 .text.HAL_TIM_OC_DelayElapsedCallback
                0x080068d8       0x14 CMakeFiles/base.dir/include/Drivers/STM32G4xx_HAL_Driver/Src/stm32g4xx_hal_tim.c.obj
                0x080068d8                HAL_TIM_OC_DelayElapsedCallback
 .text.HAL_TIM_IC_CaptureCallback
                0x080068ec       0x14 CMakeFiles/base.dir/include/Drivers/STM32G4xx_HAL_Driver/Src/stm32g4xx_hal_tim.c.obj
                0x080068ec                HAL_TIM_IC_CaptureCallback
 .text.HAL_TIM_PWM_PulseFinishedCallback
                0x08006900       0x14 CMakeFiles/base.dir/include/Drivers/STM32G4xx_HAL_Driver/Src/stm32g4xx_hal_tim.c.obj
                0x08006900                HAL_TIM_PWM_PulseFinishedCallback
 .text.HAL_TIM_TriggerCallback
                0x08006914       0x14 CMakeFiles/base.dir/include/Drivers/STM32G4xx_HAL_Driver/Src/stm32g4xx_hal_tim.c.obj
                0x08006914                HAL_TIM_TriggerCallback
 .text.TIM_Base_SetConfig
                0x08006928      0x150 CMakeFiles/base.dir/include/Drivers/STM32G4xx_HAL_Driver/Src/stm32g4xx_hal_tim.c.obj
                0x08006928                TIM_Base_SetConfig
 .text.TIM_OC1_SetConfig
                0x08006a78      0x134 CMakeFiles/base.dir/include/Drivers/STM32G4xx_HAL_Driver/Src/stm32g4xx_hal_tim.c.obj
 .text.TIM_OC2_SetConfig
                0x08006bac      0x128 CMakeFiles/base.dir/include/Drivers/STM32G4xx_HAL_Driver/Src/stm32g4xx_hal_tim.c.obj
                0x08006bac                TIM_OC2_SetConfig
 .text.TIM_OC3_SetConfig
                0x08006cd4      0x124 CMakeFiles/base.dir/include/Drivers/STM32G4xx_HAL_Driver/Src/stm32g4xx_hal_tim.c.obj
 .text.TIM_OC4_SetConfig
                0x08006df8      0x128 CMakeFiles/base.dir/include/Drivers/STM32G4xx_HAL_Driver/Src/stm32g4xx_hal_tim.c.obj
 .text.TIM_OC5_SetConfig
                0x08006f20       0xd4 CMakeFiles/base.dir/include/Drivers/STM32G4xx_HAL_Driver/Src/stm32g4xx_hal_tim.c.obj
 .text.TIM_OC6_SetConfig
                0x08006ff4       0xd8 CMakeFiles/base.dir/include/Drivers/STM32G4xx_HAL_Driver/Src/stm32g4xx_hal_tim.c.obj
 .text.TIM_TI1_ConfigInputStage
                0x080070cc       0x5e CMakeFiles/base.dir/include/Drivers/STM32G4xx_HAL_Driver/Src/stm32g4xx_hal_tim.c.obj
 .text.TIM_TI2_ConfigInputStage
                0x0800712a       0x60 CMakeFiles/base.dir/include/Drivers/STM32G4xx_HAL_Driver/Src/stm32g4xx_hal_tim.c.obj
 .text.TIM_ITRx_SetConfig
                0x0800718a       0x3a CMakeFiles/base.dir/include/Drivers/STM32G4xx_HAL_Driver/Src/stm32g4xx_hal_tim.c.obj
 .text.TIM_ETR_SetConfig
                0x080071c4       0x40 CMakeFiles/base.dir/include/Drivers/STM32G4xx_HAL_Driver/Src/stm32g4xx_hal_tim.c.obj
                0x080071c4                TIM_ETR_SetConfig
 .text.TIM_CCxChannelCmd
                0x08007204       0x4a CMakeFiles/base.dir/include/Drivers/STM32G4xx_HAL_Driver/Src/stm32g4xx_hal_tim.c.obj
                0x08007204                TIM_CCxChannelCmd
 .text.HAL_UARTEx_WakeupCallback
                0x0800724e       0x14 CMakeFiles/base.dir/include/Drivers/STM32G4xx_HAL_Driver/Src/stm32g4xx_hal_uart_ex.c.obj
                0x0800724e                HAL_UARTEx_WakeupCallback
 .text.HAL_UARTEx_RxFifoFullCallback
                0x08007262       0x14 CMakeFiles/base.dir/include/Drivers/STM32G4xx_HAL_Driver/Src/stm32g4xx_hal_uart_ex.c.obj
                0x08007262                HAL_UARTEx_RxFifoFullCallback
 .text.HAL_UARTEx_TxFifoEmptyCallback
                0x08007276       0x14 CMakeFiles/base.dir/include/Drivers/STM32G4xx_HAL_Driver/Src/stm32g4xx_hal_uart_ex.c.obj
                0x08007276                HAL_UARTEx_TxFifoEmptyCallback
 .text.HAL_UARTEx_DisableFifoMode
                0x0800728a       0x72 CMakeFiles/base.dir/include/Drivers/STM32G4xx_HAL_Driver/Src/stm32g4xx_hal_uart_ex.c.obj
                0x0800728a                HAL_UARTEx_DisableFifoMode
 .text.HAL_UARTEx_SetTxFifoThreshold
                0x080072fc       0x7c CMakeFiles/base.dir/include/Drivers/STM32G4xx_HAL_Driver/Src/stm32g4xx_hal_uart_ex.c.obj
                0x080072fc                HAL_UARTEx_SetTxFifoThreshold
 .text.HAL_UARTEx_SetRxFifoThreshold
                0x08007378       0x7c CMakeFiles/base.dir/include/Drivers/STM32G4xx_HAL_Driver/Src/stm32g4xx_hal_uart_ex.c.obj
                0x08007378                HAL_UARTEx_SetRxFifoThreshold
 .text.UARTEx_SetNbDataToProcess
                0x080073f4       0x9c CMakeFiles/base.dir/include/Drivers/STM32G4xx_HAL_Driver/Src/stm32g4xx_hal_uart_ex.c.obj
 .text.HAL_UART_Init
                0x08007490       0xa0 CMakeFiles/base.dir/include/Drivers/STM32G4xx_HAL_Driver/Src/stm32g4xx_hal_uart.c.obj
                0x08007490                HAL_UART_Init
 .text.HAL_UART_Transmit
                0x08007530      0x12c CMakeFiles/base.dir/include/Drivers/STM32G4xx_HAL_Driver/Src/stm32g4xx_hal_uart.c.obj
                0x08007530                HAL_UART_Transmit
 .text.HAL_UART_Transmit_IT
                0x0800765c      0x150 CMakeFiles/base.dir/include/Drivers/STM32G4xx_HAL_Driver/Src/stm32g4xx_hal_uart.c.obj
                0x0800765c                HAL_UART_Transmit_IT
 .text.HAL_UART_Receive_IT
                0x080077ac       0xac CMakeFiles/base.dir/include/Drivers/STM32G4xx_HAL_Driver/Src/stm32g4xx_hal_uart.c.obj
                0x080077ac                HAL_UART_Receive_IT
 .text.HAL_UART_IRQHandler
                0x08007858      0x630 CMakeFiles/base.dir/include/Drivers/STM32G4xx_HAL_Driver/Src/stm32g4xx_hal_uart.c.obj
                0x08007858                HAL_UART_IRQHandler
 .text.HAL_UART_TxCpltCallback
                0x08007e88       0x14 CMakeFiles/base.dir/include/Drivers/STM32G4xx_HAL_Driver/Src/stm32g4xx_hal_uart.c.obj
                0x08007e88                HAL_UART_TxCpltCallback
 .text.HAL_UART_ErrorCallback
                0x08007e9c       0x14 CMakeFiles/base.dir/include/Drivers/STM32G4xx_HAL_Driver/Src/stm32g4xx_hal_uart.c.obj
                0x08007e9c                HAL_UART_ErrorCallback
 .text.HAL_UARTEx_RxEventCallback
                0x08007eb0       0x18 CMakeFiles/base.dir/include/Drivers/STM32G4xx_HAL_Driver/Src/stm32g4xx_hal_uart.c.obj
                0x08007eb0                HAL_UARTEx_RxEventCallback
 .text.UART_SetConfig
                0x08007ec8      0x5f8 CMakeFiles/base.dir/include/Drivers/STM32G4xx_HAL_Driver/Src/stm32g4xx_hal_uart.c.obj
                0x08007ec8                UART_SetConfig
 .text.UART_AdvFeatureConfig
                0x080084c0      0x144 CMakeFiles/base.dir/include/Drivers/STM32G4xx_HAL_Driver/Src/stm32g4xx_hal_uart.c.obj
                0x080084c0                UART_AdvFeatureConfig
 .text.UART_CheckIdleState
                0x08008604       0x96 CMakeFiles/base.dir/include/Drivers/STM32G4xx_HAL_Driver/Src/stm32g4xx_hal_uart.c.obj
                0x08008604                UART_CheckIdleState
 .text.UART_WaitOnFlagUntilTimeout
                0x0800869a      0x190 CMakeFiles/base.dir/include/Drivers/STM32G4xx_HAL_Driver/Src/stm32g4xx_hal_uart.c.obj
                0x0800869a                UART_WaitOnFlagUntilTimeout
 *fill*         0x0800882a        0x2 
 .text.UART_Start_Receive_IT
                0x0800882c      0x254 CMakeFiles/base.dir/include/Drivers/STM32G4xx_HAL_Driver/Src/stm32g4xx_hal_uart.c.obj
                0x0800882c                UART_Start_Receive_IT
 .text.UART_EndRxTransfer
                0x08008a80       0xcc CMakeFiles/base.dir/include/Drivers/STM32G4xx_HAL_Driver/Src/stm32g4xx_hal_uart.c.obj
 .text.UART_DMAAbortOnError
                0x08008b4c       0x2c CMakeFiles/base.dir/include/Drivers/STM32G4xx_HAL_Driver/Src/stm32g4xx_hal_uart.c.obj
 .text.UART_TxISR_8BIT
                0x08008b78       0xb8 CMakeFiles/base.dir/include/Drivers/STM32G4xx_HAL_Driver/Src/stm32g4xx_hal_uart.c.obj
 .text.UART_TxISR_16BIT
                0x08008c30       0xc2 CMakeFiles/base.dir/include/Drivers/STM32G4xx_HAL_Driver/Src/stm32g4xx_hal_uart.c.obj
 .text.UART_TxISR_8BIT_FIFOEN
                0x08008cf2       0xe0 CMakeFiles/base.dir/include/Drivers/STM32G4xx_HAL_Driver/Src/stm32g4xx_hal_uart.c.obj
 .text.UART_TxISR_16BIT_FIFOEN
                0x08008dd2       0xea CMakeFiles/base.dir/include/Drivers/STM32G4xx_HAL_Driver/Src/stm32g4xx_hal_uart.c.obj
 .text.UART_EndTransmit_IT
                0x08008ebc       0x56 CMakeFiles/base.dir/include/Drivers/STM32G4xx_HAL_Driver/Src/stm32g4xx_hal_uart.c.obj
 .text.UART_RxISR_8BIT
                0x08008f12      0x160 CMakeFiles/base.dir/include/Drivers/STM32G4xx_HAL_Driver/Src/stm32g4xx_hal_uart.c.obj
 .text.UART_RxISR_16BIT
                0x08009072      0x160 CMakeFiles/base.dir/include/Drivers/STM32G4xx_HAL_Driver/Src/stm32g4xx_hal_uart.c.obj
 *fill*         0x080091d2        0x2 
 .text.UART_RxISR_8BIT_FIFOEN
                0x080091d4      0x2f8 CMakeFiles/base.dir/include/Drivers/STM32G4xx_HAL_Driver/Src/stm32g4xx_hal_uart.c.obj
 .text.UART_RxISR_16BIT_FIFOEN
                0x080094cc      0x300 CMakeFiles/base.dir/include/Drivers/STM32G4xx_HAL_Driver/Src/stm32g4xx_hal_uart.c.obj
 .text.HAL_Init
                0x080097cc       0x30 CMakeFiles/base.dir/include/Drivers/STM32G4xx_HAL_Driver/Src/stm32g4xx_hal.c.obj
                0x080097cc                HAL_Init
 .text.HAL_InitTick
                0x080097fc       0x74 CMakeFiles/base.dir/include/Drivers/STM32G4xx_HAL_Driver/Src/stm32g4xx_hal.c.obj
                0x080097fc                HAL_InitTick
 .text.HAL_IncTick
                0x08009870       0x24 CMakeFiles/base.dir/include/Drivers/STM32G4xx_HAL_Driver/Src/stm32g4xx_hal.c.obj
                0x08009870                HAL_IncTick
 .text.HAL_GetTick
                0x08009894       0x18 CMakeFiles/base.dir/include/Drivers/STM32G4xx_HAL_Driver/Src/stm32g4xx_hal.c.obj
                0x08009894                HAL_GetTick
 .text.HAL_Delay
                0x080098ac       0x44 CMakeFiles/base.dir/include/Drivers/STM32G4xx_HAL_Driver/Src/stm32g4xx_hal.c.obj
                0x080098ac                HAL_Delay
 .text._Znwj    0x080098f0       0x22 C:/ST/STM32CubeCLT_1.17.0/GNU-tools-for-STM32/bin/../lib/gcc/arm-none-eabi/12.3.1/../../../../arm-none-eabi/lib/thumb/v7e-m+fp/hard\libstdc++_nano.a(new_op.o)
                0x080098f0                operator new(unsigned int)
 *fill*         0x08009912        0x2 
 .text._ZSt15get_new_handlerv
                0x08009914       0x10 C:/ST/STM32CubeCLT_1.17.0/GNU-tools-for-STM32/bin/../lib/gcc/arm-none-eabi/12.3.1/../../../../arm-none-eabi/lib/thumb/v7e-m+fp/hard\libstdc++_nano.a(new_handler.o)
                0x08009914                std::get_new_handler()
 .text.abort    0x08009924        0xe C:/ST/STM32CubeCLT_1.17.0/GNU-tools-for-STM32/bin/../lib/gcc/arm-none-eabi/12.3.1/../../../../arm-none-eabi/lib/thumb/v7e-m+fp/hard\libg_nano.a(libc_a-abort.o)
                0x08009924                abort
 *fill*         0x08009932        0x2 
 .text.malloc   0x08009934       0x10 C:/ST/STM32CubeCLT_1.17.0/GNU-tools-for-STM32/bin/../lib/gcc/arm-none-eabi/12.3.1/../../../../arm-none-eabi/lib/thumb/v7e-m+fp/hard\libg_nano.a(libc_a-malloc.o)
                0x08009934                malloc
 .text.sbrk_aligned
                0x08009944       0x44 C:/ST/STM32CubeCLT_1.17.0/GNU-tools-for-STM32/bin/../lib/gcc/arm-none-eabi/12.3.1/../../../../arm-none-eabi/lib/thumb/v7e-m+fp/hard\libg_nano.a(libc_a-mallocr.o)
 .text._malloc_r
                0x08009988      0x100 C:/ST/STM32CubeCLT_1.17.0/GNU-tools-for-STM32/bin/../lib/gcc/arm-none-eabi/12.3.1/../../../../arm-none-eabi/lib/thumb/v7e-m+fp/hard\libg_nano.a(libc_a-mallocr.o)
                0x08009988                _malloc_r
 .text.__malloc_lock
                0x08009a88        0xc C:/ST/STM32CubeCLT_1.17.0/GNU-tools-for-STM32/bin/../lib/gcc/arm-none-eabi/12.3.1/../../../../arm-none-eabi/lib/thumb/v7e-m+fp/hard\libg_nano.a(libc_a-mlock.o)
                0x08009a88                __malloc_lock
 .text.__malloc_unlock
                0x08009a94        0xc C:/ST/STM32CubeCLT_1.17.0/GNU-tools-for-STM32/bin/../lib/gcc/arm-none-eabi/12.3.1/../../../../arm-none-eabi/lib/thumb/v7e-m+fp/hard\libg_nano.a(libc_a-mlock.o)
                0x08009a94                __malloc_unlock
 .text._vsprintf_r
                0x08009aa0       0x2c C:/ST/STM32CubeCLT_1.17.0/GNU-tools-for-STM32/bin/../lib/gcc/arm-none-eabi/12.3.1/../../../../arm-none-eabi/lib/thumb/v7e-m+fp/hard\libg_nano.a(libc_a-vsprintf.o)
                0x08009aa0                _vsprintf_r
                0x08009aa0                _vsiprintf_r
 .text.vsprintf
                0x08009acc       0x14 C:/ST/STM32CubeCLT_1.17.0/GNU-tools-for-STM32/bin/../lib/gcc/arm-none-eabi/12.3.1/../../../../arm-none-eabi/lib/thumb/v7e-m+fp/hard\libg_nano.a(libc_a-vsprintf.o)
                0x08009acc                vsiprintf
                0x08009acc                vsprintf
 .text.memset   0x08009ae0       0x10 C:/ST/STM32CubeCLT_1.17.0/GNU-tools-for-STM32/bin/../lib/gcc/arm-none-eabi/12.3.1/../../../../arm-none-eabi/lib/thumb/v7e-m+fp/hard\libg_nano.a(libc_a-memset.o)
                0x08009ae0                memset
 .text._raise_r
                0x08009af0       0x50 C:/ST/STM32CubeCLT_1.17.0/GNU-tools-for-STM32/bin/../lib/gcc/arm-none-eabi/12.3.1/../../../../arm-none-eabi/lib/thumb/v7e-m+fp/hard\libg_nano.a(libc_a-signal.o)
                0x08009af0                _raise_r
 .text.raise    0x08009b40       0x10 C:/ST/STM32CubeCLT_1.17.0/GNU-tools-for-STM32/bin/../lib/gcc/arm-none-eabi/12.3.1/../../../../arm-none-eabi/lib/thumb/v7e-m+fp/hard\libg_nano.a(libc_a-signal.o)
                0x08009b40                raise
 .text._kill_r  0x08009b50       0x24 C:/ST/STM32CubeCLT_1.17.0/GNU-tools-for-STM32/bin/../lib/gcc/arm-none-eabi/12.3.1/../../../../arm-none-eabi/lib/thumb/v7e-m+fp/hard\libg_nano.a(libc_a-signalr.o)
                0x08009b50                _kill_r
 .text._getpid_r
                0x08009b74        0x4 C:/ST/STM32CubeCLT_1.17.0/GNU-tools-for-STM32/bin/../lib/gcc/arm-none-eabi/12.3.1/../../../../arm-none-eabi/lib/thumb/v7e-m+fp/hard\libg_nano.a(libc_a-signalr.o)
                0x08009b74                _getpid_r
 .text._sbrk_r  0x08009b78       0x20 C:/ST/STM32CubeCLT_1.17.0/GNU-tools-for-STM32/bin/../lib/gcc/arm-none-eabi/12.3.1/../../../../arm-none-eabi/lib/thumb/v7e-m+fp/hard\libg_nano.a(libc_a-sbrkr.o)
                0x08009b78                _sbrk_r
 .text.__libc_init_array
                0x08009b98       0x48 C:/ST/STM32CubeCLT_1.17.0/GNU-tools-for-STM32/bin/../lib/gcc/arm-none-eabi/12.3.1/../../../../arm-none-eabi/lib/thumb/v7e-m+fp/hard\libg_nano.a(libc_a-init.o)
                0x08009b98                __libc_init_array
 .text.__retarget_lock_acquire_recursive
                0x08009be0        0x2 C:/ST/STM32CubeCLT_1.17.0/GNU-tools-for-STM32/bin/../lib/gcc/arm-none-eabi/12.3.1/../../../../arm-none-eabi/lib/thumb/v7e-m+fp/hard\libg_nano.a(libc_a-lock.o)
                0x08009be0                __retarget_lock_acquire_recursive
 .text.__retarget_lock_release_recursive
                0x08009be2        0x2 C:/ST/STM32CubeCLT_1.17.0/GNU-tools-for-STM32/bin/../lib/gcc/arm-none-eabi/12.3.1/../../../../arm-none-eabi/lib/thumb/v7e-m+fp/hard\libg_nano.a(libc_a-lock.o)
                0x08009be2                __retarget_lock_release_recursive
 .text.memcpy   0x08009be4       0x1c C:/ST/STM32CubeCLT_1.17.0/GNU-tools-for-STM32/bin/../lib/gcc/arm-none-eabi/12.3.1/../../../../arm-none-eabi/lib/thumb/v7e-m+fp/hard\libg_nano.a(libc_a-memcpy-stub.o)
                0x08009be4                memcpy
 .text._free_r  0x08009c00       0x94 C:/ST/STM32CubeCLT_1.17.0/GNU-tools-for-STM32/bin/../lib/gcc/arm-none-eabi/12.3.1/../../../../arm-none-eabi/lib/thumb/v7e-m+fp/hard\libg_nano.a(libc_a-freer.o)
                0x08009c00                _free_r
 .text.__ssputs_r
                0x08009c94       0xb6 C:/ST/STM32CubeCLT_1.17.0/GNU-tools-for-STM32/bin/../lib/gcc/arm-none-eabi/12.3.1/../../../../arm-none-eabi/lib/thumb/v7e-m+fp/hard\libg_nano.a(libc_a-nano-svfprintf.o)
                0x08009c94                __ssputs_r
 *fill*         0x08009d4a        0x2 
 .text._svfprintf_r
                0x08009d4c      0x1f8 C:/ST/STM32CubeCLT_1.17.0/GNU-tools-for-STM32/bin/../lib/gcc/arm-none-eabi/12.3.1/../../../../arm-none-eabi/lib/thumb/v7e-m+fp/hard\libg_nano.a(libc_a-nano-svfprintf.o)
                0x08009d4c                _svfiprintf_r
                0x08009d4c                _svfprintf_r
 .text._printf_common
                0x08009f44       0xda C:/ST/STM32CubeCLT_1.17.0/GNU-tools-for-STM32/bin/../lib/gcc/arm-none-eabi/12.3.1/../../../../arm-none-eabi/lib/thumb/v7e-m+fp/hard\libg_nano.a(libc_a-nano-vfprintf_i.o)
                0x08009f44                _printf_common
 *fill*         0x0800a01e        0x2 
 .text._printf_i
                0x0800a020      0x240 C:/ST/STM32CubeCLT_1.17.0/GNU-tools-for-STM32/bin/../lib/gcc/arm-none-eabi/12.3.1/../../../../arm-none-eabi/lib/thumb/v7e-m+fp/hard\libg_nano.a(libc_a-nano-vfprintf_i.o)
                0x0800a020                _printf_i
 .text.memmove  0x0800a260       0x34 C:/ST/STM32CubeCLT_1.17.0/GNU-tools-for-STM32/bin/../lib/gcc/arm-none-eabi/12.3.1/../../../../arm-none-eabi/lib/thumb/v7e-m+fp/hard\libg_nano.a(libc_a-memmove.o)
                0x0800a260                memmove
 .text._realloc_r
                0x0800a294       0x5c C:/ST/STM32CubeCLT_1.17.0/GNU-tools-for-STM32/bin/../lib/gcc/arm-none-eabi/12.3.1/../../../../arm-none-eabi/lib/thumb/v7e-m+fp/hard\libg_nano.a(libc_a-reallocr.o)
                0x0800a294                _realloc_r
 .text._malloc_usable_size_r
                0x0800a2f0       0x10 C:/ST/STM32CubeCLT_1.17.0/GNU-tools-for-STM32/bin/../lib/gcc/arm-none-eabi/12.3.1/../../../../arm-none-eabi/lib/thumb/v7e-m+fp/hard\libg_nano.a(libc_a-msizer.o)
                0x0800a2f0                _malloc_usable_size_r
 .text._getpid  0x0800a300       0x10 C:/ST/STM32CubeCLT_1.17.0/GNU-tools-for-STM32/bin/../lib/gcc/arm-none-eabi/12.3.1/../../../../arm-none-eabi/lib/thumb/v7e-m+fp/hard\libnosys.a(getpid.o)
                0x0800a300                _getpid
 .text._kill    0x0800a310       0x10 C:/ST/STM32CubeCLT_1.17.0/GNU-tools-for-STM32/bin/../lib/gcc/arm-none-eabi/12.3.1/../../../../arm-none-eabi/lib/thumb/v7e-m+fp/hard\libnosys.a(kill.o)
                0x0800a310                _kill
 .text._sbrk    0x0800a320       0x1c C:/ST/STM32CubeCLT_1.17.0/GNU-tools-for-STM32/bin/../lib/gcc/arm-none-eabi/12.3.1/../../../../arm-none-eabi/lib/thumb/v7e-m+fp/hard\libnosys.a(sbrk.o)
                0x0800a320                _sbrk
 .text._exit    0x0800a33c        0x2 C:/ST/STM32CubeCLT_1.17.0/GNU-tools-for-STM32/bin/../lib/gcc/arm-none-eabi/12.3.1/../../../../arm-none-eabi/lib/thumb/v7e-m+fp/hard\libnosys.a(_exit.o)
                0x0800a33c                _exit
 *(.glue_7)
 .glue_7        0x0800a33e        0x0 linker stubs
 *(.glue_7t)
 .glue_7t       0x0800a33e        0x0 linker stubs
 *(.eh_frame)
 *fill*         0x0800a33e        0x2 
 .eh_frame      0x0800a340        0x0 C:/ST/STM32CubeCLT_1.17.0/GNU-tools-for-STM32/bin/../lib/gcc/arm-none-eabi/12.3.1/thumb/v7e-m+fp/hard/crtbegin.o
 *(.init)
 .init          0x0800a340        0x4 C:/ST/STM32CubeCLT_1.17.0/GNU-tools-for-STM32/bin/../lib/gcc/arm-none-eabi/12.3.1/thumb/v7e-m+fp/hard/crti.o
                0x0800a340                _init
 .init          0x0800a344        0x8 C:/ST/STM32CubeCLT_1.17.0/GNU-tools-for-STM32/bin/../lib/gcc/arm-none-eabi/12.3.1/thumb/v7e-m+fp/hard/crtn.o
 *(.fini)
 .fini          0x0800a34c        0x4 C:/ST/STM32CubeCLT_1.17.0/GNU-tools-for-STM32/bin/../lib/gcc/arm-none-eabi/12.3.1/thumb/v7e-m+fp/hard/crti.o
                0x0800a34c                _fini
 .fini          0x0800a350        0x8 C:/ST/STM32CubeCLT_1.17.0/GNU-tools-for-STM32/bin/../lib/gcc/arm-none-eabi/12.3.1/thumb/v7e-m+fp/hard/crtn.o
                0x0800a358                        . = ALIGN (0x4)
                0x0800a358                        _etext = .

.vfp11_veneer   0x0800a358        0x0
 .vfp11_veneer  0x0800a358        0x0 linker stubs

.v4_bx          0x0800a358        0x0
 .v4_bx         0x0800a358        0x0 linker stubs

.iplt           0x0800a358        0x0
 .iplt          0x0800a358        0x0 C:/ST/STM32CubeCLT_1.17.0/GNU-tools-for-STM32/bin/../lib/gcc/arm-none-eabi/12.3.1/thumb/v7e-m+fp/hard/crtbegin.o

.rodata         0x0800a358      0x310
                0x0800a358                        . = ALIGN (0x4)
 *(.rodata)
 .rodata        0x0800a358      0x29b CMakeFiles/base.dir/src/Core/Main.cpp.obj
 *(.rodata*)
 *fill*         0x0800a5f3        0x1 
 .rodata.AHBPrescTable
                0x0800a5f4       0x10 CMakeFiles/base.dir/include/Core/Src/system_stm32g4xx.c.obj
                0x0800a5f4                AHBPrescTable
 .rodata.APBPrescTable
                0x0800a604        0x8 CMakeFiles/base.dir/include/Core/Src/system_stm32g4xx.c.obj
                0x0800a604                APBPrescTable
 .rodata.numerator.1
                0x0800a60c        0x8 CMakeFiles/base.dir/include/Drivers/STM32G4xx_HAL_Driver/Src/stm32g4xx_hal_uart_ex.c.obj
 .rodata.denominator.0
                0x0800a614        0x8 CMakeFiles/base.dir/include/Drivers/STM32G4xx_HAL_Driver/Src/stm32g4xx_hal_uart_ex.c.obj
 .rodata.UARTPrescTable
                0x0800a61c       0x18 CMakeFiles/base.dir/include/Drivers/STM32G4xx_HAL_Driver/Src/stm32g4xx_hal_uart.c.obj
                0x0800a61c                UARTPrescTable
 .rodata._svfprintf_r.str1.1
                0x0800a634       0x11 C:/ST/STM32CubeCLT_1.17.0/GNU-tools-for-STM32/bin/../lib/gcc/arm-none-eabi/12.3.1/../../../../arm-none-eabi/lib/thumb/v7e-m+fp/hard\libg_nano.a(libc_a-nano-svfprintf.o)
 .rodata._printf_i.str1.1
                0x0800a645       0x22 C:/ST/STM32CubeCLT_1.17.0/GNU-tools-for-STM32/bin/../lib/gcc/arm-none-eabi/12.3.1/../../../../arm-none-eabi/lib/thumb/v7e-m+fp/hard\libg_nano.a(libc_a-nano-vfprintf_i.o)
                0x0800a668                        . = ALIGN (0x4)
 *fill*         0x0800a667        0x1 

.ARM.extab
 *(.ARM.extab* .gnu.linkonce.armextab.*)

.ARM            0x0800a668        0x8
                0x0800a668                        __exidx_start = .
 *(.ARM.exidx*)
 .ARM.exidx     0x0800a668        0x8 C:/ST/STM32CubeCLT_1.17.0/GNU-tools-for-STM32/bin/../lib/gcc/arm-none-eabi/12.3.1/thumb/v7e-m+fp/hard\libgcc.a(_udivmoddi4.o)
 .ARM.exidx     0x0800a670        0x0 C:/ST/STM32CubeCLT_1.17.0/GNU-tools-for-STM32/bin/../lib/gcc/arm-none-eabi/12.3.1/../../../../arm-none-eabi/lib/thumb/v7e-m+fp/hard\libg_nano.a(libc_a-strlen.o)
                                  0x8 (size before relaxing)
 .ARM.exidx     0x0800a670        0x0 C:/ST/STM32CubeCLT_1.17.0/GNU-tools-for-STM32/bin/../lib/gcc/arm-none-eabi/12.3.1/../../../../arm-none-eabi/lib/thumb/v7e-m+fp/hard\libg_nano.a(libc_a-memchr.o)
                                  0x8 (size before relaxing)
                0x0800a670                        __exidx_end = .

.rel.dyn        0x0800a670        0x0
 .rel.iplt      0x0800a670        0x0 C:/ST/STM32CubeCLT_1.17.0/GNU-tools-for-STM32/bin/../lib/gcc/arm-none-eabi/12.3.1/thumb/v7e-m+fp/hard/crtbegin.o

.preinit_array  0x0800a670        0x0
                0x0800a670                        PROVIDE (__preinit_array_start = .)
 *(.preinit_array*)
                0x0800a670                        PROVIDE (__preinit_array_end = .)

.init_array     0x0800a670        0x8
                0x0800a670                        PROVIDE (__init_array_start = .)
 *(SORT_BY_NAME(.init_array.*))
 *(.init_array*)
 .init_array    0x0800a670        0x4 C:/ST/STM32CubeCLT_1.17.0/GNU-tools-for-STM32/bin/../lib/gcc/arm-none-eabi/12.3.1/thumb/v7e-m+fp/hard/crtbegin.o
 .init_array    0x0800a674        0x4 CMakeFiles/base.dir/src/Core/Main.cpp.obj
                0x0800a678                        PROVIDE (__init_array_end = .)

.fini_array     0x0800a678        0x4
                [!provide]                        PROVIDE (__fini_array_start = .)
 *(SORT_BY_NAME(.fini_array.*))
 *(.fini_array*)
 .fini_array    0x0800a678        0x4 C:/ST/STM32CubeCLT_1.17.0/GNU-tools-for-STM32/bin/../lib/gcc/arm-none-eabi/12.3.1/thumb/v7e-m+fp/hard/crtbegin.o
                [!provide]                        PROVIDE (__fini_array_end = .)
                0x0800a67c                        _sidata = LOADADDR (.data)

.data           0x20000000       0xac load address 0x0800a67c
                0x20000000                        . = ALIGN (0x4)
                0x20000000                        _sdata = .
 *(.data)
 *(.data*)
 .data.angle    0x20000000        0x4 CMakeFiles/base.dir/src/Core/Main.cpp.obj
                0x20000000                angle
 .data.anglespeed
                0x20000004        0x4 CMakeFiles/base.dir/src/Core/Main.cpp.obj
                0x20000004                anglespeed
 .data.head     0x20000008        0x1 CMakeFiles/base.dir/src/Core/Main.cpp.obj
                0x20000008                head
 .data.id       0x20000009        0x1 CMakeFiles/base.dir/src/Core/Main.cpp.obj
                0x20000009                id
 .data.len      0x2000000a        0x1 CMakeFiles/base.dir/src/Core/Main.cpp.obj
                0x2000000a                len
 .data.inst     0x2000000b        0x1 CMakeFiles/base.dir/src/Core/Main.cpp.obj
                0x2000000b                inst
 .data.p1       0x2000000c        0x1 CMakeFiles/base.dir/src/Core/Main.cpp.obj
                0x2000000c                p1
 .data.trq      0x2000000d        0x1 CMakeFiles/base.dir/src/Core/Main.cpp.obj
                0x2000000d                trq
 *fill*         0x2000000e        0x2 
 .data.torqueoff
                0x20000010        0x8 CMakeFiles/base.dir/src/Core/Main.cpp.obj
                0x20000010                torqueoff
 .data.kp       0x20000018        0x8 CMakeFiles/base.dir/src/Core/Main.cpp.obj
                0x20000018                kp
 .data.ki       0x20000020        0x8 CMakeFiles/base.dir/src/Core/Main.cpp.obj
                0x20000020                ki
 .data.kd       0x20000028        0x8 CMakeFiles/base.dir/src/Core/Main.cpp.obj
                0x20000028                kd
 .data.t        0x20000030        0x8 CMakeFiles/base.dir/src/Core/Main.cpp.obj
                0x20000030                t
 .data.dt       0x20000038        0x8 CMakeFiles/base.dir/src/Core/Main.cpp.obj
                0x20000038                dt
 .data.maxangle
                0x20000040        0x8 CMakeFiles/base.dir/src/Core/Main.cpp.obj
                0x20000040                maxangle
 .data.minangle
                0x20000048        0x8 CMakeFiles/base.dir/src/Core/Main.cpp.obj
                0x20000048                minangle
 .data.SystemCoreClock
                0x20000050        0x4 CMakeFiles/base.dir/include/Core/Src/system_stm32g4xx.c.obj
                0x20000050                SystemCoreClock
 .data.uwTickPrio
                0x20000054        0x4 CMakeFiles/base.dir/include/Drivers/STM32G4xx_HAL_Driver/Src/stm32g4xx_hal.c.obj
                0x20000054                uwTickPrio
 .data.uwTickFreq
                0x20000058        0x4 CMakeFiles/base.dir/include/Drivers/STM32G4xx_HAL_Driver/Src/stm32g4xx_hal.c.obj
                0x20000058                uwTickFreq
 .data._impure_ptr
                0x2000005c        0x4 C:/ST/STM32CubeCLT_1.17.0/GNU-tools-for-STM32/bin/../lib/gcc/arm-none-eabi/12.3.1/../../../../arm-none-eabi/lib/thumb/v7e-m+fp/hard\libg_nano.a(libc_a-impure.o)
                0x2000005c                _impure_ptr
 .data._impure_data
                0x20000060       0x4c C:/ST/STM32CubeCLT_1.17.0/GNU-tools-for-STM32/bin/../lib/gcc/arm-none-eabi/12.3.1/../../../../arm-none-eabi/lib/thumb/v7e-m+fp/hard\libg_nano.a(libc_a-impure.o)
                0x20000060                _impure_data
                0x200000ac                        . = ALIGN (0x4)
                0x200000ac                        _edata = .

.igot.plt       0x200000ac        0x0 load address 0x0800a728
 .igot.plt      0x200000ac        0x0 C:/ST/STM32CubeCLT_1.17.0/GNU-tools-for-STM32/bin/../lib/gcc/arm-none-eabi/12.3.1/thumb/v7e-m+fp/hard/crtbegin.o
                0x200000ac                        . = ALIGN (0x4)

.bss            0x200000b0      0x5ac load address 0x0800a728
                0x200000b0                        _sbss = .
                0x200000b0                        __bss_start__ = _sbss
 *(.bss)
 .bss           0x200000b0       0x1c C:/ST/STM32CubeCLT_1.17.0/GNU-tools-for-STM32/bin/../lib/gcc/arm-none-eabi/12.3.1/thumb/v7e-m+fp/hard/crtbegin.o
 *(.bss*)
 .bss.gyro_int_y
                0x200000cc        0x2 CMakeFiles/base.dir/src/Core/Main.cpp.obj
                0x200000cc                gyro_int_y
 *fill*         0x200000ce        0x2 
 .bss.get_xyz   0x200000d0        0x6 CMakeFiles/base.dir/src/Core/Main.cpp.obj
                0x200000d0                get_xyz
 .bss.p2        0x200000d6        0x1 CMakeFiles/base.dir/src/Core/Main.cpp.obj
                0x200000d6                p2
 .bss.p3        0x200000d7        0x1 CMakeFiles/base.dir/src/Core/Main.cpp.obj
                0x200000d7                p3
 .bss.p4        0x200000d8        0x1 CMakeFiles/base.dir/src/Core/Main.cpp.obj
                0x200000d8                p4
 .bss.p5        0x200000d9        0x1 CMakeFiles/base.dir/src/Core/Main.cpp.obj
                0x200000d9                p5
 .bss.chksum    0x200000da        0x1 CMakeFiles/base.dir/src/Core/Main.cpp.obj
                0x200000da                chksum
 *fill*         0x200000db        0x1 
 .bss.test      0x200000dc        0xb CMakeFiles/base.dir/src/Core/Main.cpp.obj
                0x200000dc                test
 .bss.trqdeb    0x200000e7        0x1 CMakeFiles/base.dir/src/Core/Main.cpp.obj
                0x200000e7                trqdeb
 .bss.trqsum    0x200000e8        0x1 CMakeFiles/base.dir/src/Core/Main.cpp.obj
                0x200000e8                trqsum
 *fill*         0x200000e9        0x7 
 .bss.now       0x200000f0        0x8 CMakeFiles/base.dir/src/Core/Main.cpp.obj
                0x200000f0                now
 .bss.sensum    0x200000f8        0x8 CMakeFiles/base.dir/src/Core/Main.cpp.obj
                0x200000f8                sensum
 .bss.num       0x20000100        0x4 CMakeFiles/base.dir/src/Core/Main.cpp.obj
                0x20000100                num
 .bss.tick      0x20000104        0x2 CMakeFiles/base.dir/src/Core/Main.cpp.obj
                0x20000104                tick
 *fill*         0x20000106        0x2 
 .bss.goalpoint
                0x20000108        0x8 CMakeFiles/base.dir/src/Core/Main.cpp.obj
                0x20000108                goalpoint
 .bss.motorprev
                0x20000110        0x8 CMakeFiles/base.dir/src/Core/Main.cpp.obj
                0x20000110                motorprev
 .bss.motorerr  0x20000118        0x8 CMakeFiles/base.dir/src/Core/Main.cpp.obj
                0x20000118                motorerr
 .bss.motorerrdiff
                0x20000120        0x8 CMakeFiles/base.dir/src/Core/Main.cpp.obj
                0x20000120                motorerrdiff
 .bss.prev      0x20000128        0x8 CMakeFiles/base.dir/src/Core/Main.cpp.obj
                0x20000128                prev
 .bss.goal      0x20000130        0x8 CMakeFiles/base.dir/src/Core/Main.cpp.obj
                0x20000130                goal
 .bss.err       0x20000138        0x8 CMakeFiles/base.dir/src/Core/Main.cpp.obj
                0x20000138                err
 .bss.P         0x20000140        0x8 CMakeFiles/base.dir/src/Core/Main.cpp.obj
                0x20000140                P
 .bss.I         0x20000148        0x8 CMakeFiles/base.dir/src/Core/Main.cpp.obj
                0x20000148                I
 .bss.ERRdiff   0x20000150        0x8 CMakeFiles/base.dir/src/Core/Main.cpp.obj
                0x20000150                ERRdiff
 .bss.D         0x20000158        0x8 CMakeFiles/base.dir/src/Core/Main.cpp.obj
                0x20000158                D
 .bss.output    0x20000160        0x8 CMakeFiles/base.dir/src/Core/Main.cpp.obj
                0x20000160                output
 .bss.I_err     0x20000168        0x8 CMakeFiles/base.dir/src/Core/Main.cpp.obj
                0x20000168                I_err
 .bss.blue_get  0x20000170        0x1 CMakeFiles/base.dir/src/Core/Main.cpp.obj
                0x20000170                blue_get
 *fill*         0x20000171        0x3 
 .bss._ZN6Device2txE
                0x20000174        0x4 CMakeFiles/base.dir/src/Core/Device.cpp.obj
                0x20000174                Device::tx
 .bss.hspi3     0x20000178       0x64 CMakeFiles/base.dir/include/Core/Src/spi.c.obj
                0x20000178                hspi3
 .bss.huart1    0x200001dc       0x90 CMakeFiles/base.dir/include/Core/Src/usart.c.obj
                0x200001dc                huart1
 .bss.huart2    0x2000026c       0x90 CMakeFiles/base.dir/include/Core/Src/usart.c.obj
                0x2000026c                huart2
 .bss.huart3    0x200002fc       0x90 CMakeFiles/base.dir/include/Core/Src/usart.c.obj
                0x200002fc                huart3
 .bss.htim1     0x2000038c       0x4c CMakeFiles/base.dir/include/Core/Src/tim.c.obj
                0x2000038c                htim1
 .bss.htim2     0x200003d8       0x4c CMakeFiles/base.dir/include/Core/Src/tim.c.obj
                0x200003d8                htim2
 .bss.htim3     0x20000424       0x4c CMakeFiles/base.dir/include/Core/Src/tim.c.obj
                0x20000424                htim3
 .bss.htim4     0x20000470       0x4c CMakeFiles/base.dir/include/Core/Src/tim.c.obj
                0x20000470                htim4
 .bss.hi2c3     0x200004bc       0x4c CMakeFiles/base.dir/include/Core/Src/i2c.c.obj
                0x200004bc                hi2c3
 .bss.uwTick    0x20000508        0x4 CMakeFiles/base.dir/include/Drivers/STM32G4xx_HAL_Driver/Src/stm32g4xx_hal.c.obj
                0x20000508                uwTick
 .bss._ZN12_GLOBAL__N_113__new_handlerE
                0x2000050c        0x4 C:/ST/STM32CubeCLT_1.17.0/GNU-tools-for-STM32/bin/../lib/gcc/arm-none-eabi/12.3.1/../../../../arm-none-eabi/lib/thumb/v7e-m+fp/hard\libstdc++_nano.a(new_handler.o)
 .bss.__malloc_sbrk_start
                0x20000510        0x4 C:/ST/STM32CubeCLT_1.17.0/GNU-tools-for-STM32/bin/../lib/gcc/arm-none-eabi/12.3.1/../../../../arm-none-eabi/lib/thumb/v7e-m+fp/hard\libg_nano.a(libc_a-mallocr.o)
                0x20000510                __malloc_sbrk_start
 .bss.__malloc_free_list
                0x20000514        0x4 C:/ST/STM32CubeCLT_1.17.0/GNU-tools-for-STM32/bin/../lib/gcc/arm-none-eabi/12.3.1/../../../../arm-none-eabi/lib/thumb/v7e-m+fp/hard\libg_nano.a(libc_a-mallocr.o)
                0x20000514                __malloc_free_list
 .bss.__sf      0x20000518      0x138 C:/ST/STM32CubeCLT_1.17.0/GNU-tools-for-STM32/bin/../lib/gcc/arm-none-eabi/12.3.1/../../../../arm-none-eabi/lib/thumb/v7e-m+fp/hard\libg_nano.a(libc_a-findfp.o)
                0x20000518                __sf
 .bss.errno     0x20000650        0x4 C:/ST/STM32CubeCLT_1.17.0/GNU-tools-for-STM32/bin/../lib/gcc/arm-none-eabi/12.3.1/../../../../arm-none-eabi/lib/thumb/v7e-m+fp/hard\libg_nano.a(libc_a-reent.o)
                0x20000650                errno
 .bss.__lock___malloc_recursive_mutex
                0x20000654        0x1 C:/ST/STM32CubeCLT_1.17.0/GNU-tools-for-STM32/bin/../lib/gcc/arm-none-eabi/12.3.1/../../../../arm-none-eabi/lib/thumb/v7e-m+fp/hard\libg_nano.a(libc_a-lock.o)
                0x20000654                __lock___malloc_recursive_mutex
 *fill*         0x20000655        0x3 
 .bss.heap_end.0
                0x20000658        0x4 C:/ST/STM32CubeCLT_1.17.0/GNU-tools-for-STM32/bin/../lib/gcc/arm-none-eabi/12.3.1/../../../../arm-none-eabi/lib/thumb/v7e-m+fp/hard\libnosys.a(sbrk.o)
 *(COMMON)
                0x2000065c                        . = ALIGN (0x4)
                0x2000065c                        _ebss = .
                0x2000065c                        __bss_end__ = _ebss

._user_heap_stack
                0x2000065c      0x604 load address 0x0800a728
                0x20000660                        . = ALIGN (0x8)
 *fill*         0x2000065c        0x4 
                0x20000660                        PROVIDE (end = .)
                [!provide]                        PROVIDE (_end = .)
                0x20000860                        . = (. + _Min_Heap_Size)
 *fill*         0x20000660      0x200 
                0x20000c60                        . = (. + _Min_Stack_Size)
 *fill*         0x20000860      0x400 
                0x20000c60                        . = ALIGN (0x8)

/DISCARD/
 libc.a(*)
 libm.a(*)
 libgcc.a(*)

.ARM.attributes
                0x00000000       0x30
 *(.ARM.attributes)
 .ARM.attributes
                0x00000000       0x22 C:/ST/STM32CubeCLT_1.17.0/GNU-tools-for-STM32/bin/../lib/gcc/arm-none-eabi/12.3.1/thumb/v7e-m+fp/hard/crti.o
 .ARM.attributes
                0x00000022       0x34 C:/ST/STM32CubeCLT_1.17.0/GNU-tools-for-STM32/bin/../lib/gcc/arm-none-eabi/12.3.1/thumb/v7e-m+fp/hard/crtbegin.o
 .ARM.attributes
                0x00000056       0x34 CMakeFiles/base.dir/src/Core/Main.cpp.obj
 .ARM.attributes
                0x0000008a       0x34 CMakeFiles/base.dir/src/Core/motor.cpp.obj
 .ARM.attributes
                0x000000be       0x34 CMakeFiles/base.dir/src/Core/Device.cpp.obj
 .ARM.attributes
                0x000000f2       0x34 CMakeFiles/base.dir/src/Interface/HCMSDisplay.cpp.obj
 .ARM.attributes
                0x00000126       0x34 CMakeFiles/base.dir/src/Interface/UartPrint.cpp.obj
 .ARM.attributes
                0x0000015a       0x21 CMakeFiles/base.dir/include/startup_stm32g474xx.s.obj
 .ARM.attributes
                0x0000017b       0x34 CMakeFiles/base.dir/include/Core/Src/gpio.c.obj
 .ARM.attributes
                0x000001af       0x34 CMakeFiles/base.dir/include/Core/Src/spi.c.obj
 .ARM.attributes
                0x000001e3       0x34 CMakeFiles/base.dir/include/Core/Src/stm32g4xx_hal_msp.c.obj
 .ARM.attributes
                0x00000217       0x34 CMakeFiles/base.dir/include/Core/Src/stm32g4xx_it.c.obj
 .ARM.attributes
                0x0000024b       0x34 CMakeFiles/base.dir/include/Core/Src/system_stm32g4xx.c.obj
 .ARM.attributes
                0x0000027f       0x34 CMakeFiles/base.dir/include/Core/Src/usart.c.obj
 .ARM.attributes
                0x000002b3       0x34 CMakeFiles/base.dir/include/Core/Src/tim.c.obj
 .ARM.attributes
                0x000002e7       0x34 CMakeFiles/base.dir/include/Core/Src/i2c.c.obj
 .ARM.attributes
                0x0000031b       0x34 CMakeFiles/base.dir/include/Drivers/STM32G4xx_HAL_Driver/Src/stm32g4xx_hal_cortex.c.obj
 .ARM.attributes
                0x0000034f       0x34 CMakeFiles/base.dir/include/Drivers/STM32G4xx_HAL_Driver/Src/stm32g4xx_hal_dma.c.obj
 .ARM.attributes
                0x00000383       0x34 CMakeFiles/base.dir/include/Drivers/STM32G4xx_HAL_Driver/Src/stm32g4xx_hal_gpio.c.obj
 .ARM.attributes
                0x000003b7       0x34 CMakeFiles/base.dir/include/Drivers/STM32G4xx_HAL_Driver/Src/stm32g4xx_hal_i2c_ex.c.obj
 .ARM.attributes
                0x000003eb       0x34 CMakeFiles/base.dir/include/Drivers/STM32G4xx_HAL_Driver/Src/stm32g4xx_hal_i2c.c.obj
 .ARM.attributes
                0x0000041f       0x34 CMakeFiles/base.dir/include/Drivers/STM32G4xx_HAL_Driver/Src/stm32g4xx_hal_pwr_ex.c.obj
 .ARM.attributes
                0x00000453       0x34 CMakeFiles/base.dir/include/Drivers/STM32G4xx_HAL_Driver/Src/stm32g4xx_hal_rcc_ex.c.obj
 .ARM.attributes
                0x00000487       0x34 CMakeFiles/base.dir/include/Drivers/STM32G4xx_HAL_Driver/Src/stm32g4xx_hal_rcc.c.obj
 .ARM.attributes
                0x000004bb       0x34 CMakeFiles/base.dir/include/Drivers/STM32G4xx_HAL_Driver/Src/stm32g4xx_hal_spi.c.obj
 .ARM.attributes
                0x000004ef       0x34 CMakeFiles/base.dir/include/Drivers/STM32G4xx_HAL_Driver/Src/stm32g4xx_hal_tim_ex.c.obj
 .ARM.attributes
                0x00000523       0x34 CMakeFiles/base.dir/include/Drivers/STM32G4xx_HAL_Driver/Src/stm32g4xx_hal_tim.c.obj
 .ARM.attributes
                0x00000557       0x34 CMakeFiles/base.dir/include/Drivers/STM32G4xx_HAL_Driver/Src/stm32g4xx_hal_uart_ex.c.obj
 .ARM.attributes
                0x0000058b       0x34 CMakeFiles/base.dir/include/Drivers/STM32G4xx_HAL_Driver/Src/stm32g4xx_hal_uart.c.obj
 .ARM.attributes
                0x000005bf       0x34 CMakeFiles/base.dir/include/Drivers/STM32G4xx_HAL_Driver/Src/stm32g4xx_hal.c.obj
 .ARM.attributes
                0x000005f3       0x34 C:/ST/STM32CubeCLT_1.17.0/GNU-tools-for-STM32/bin/../lib/gcc/arm-none-eabi/12.3.1/../../../../arm-none-eabi/lib/thumb/v7e-m+fp/hard\libstdc++_nano.a(new_op.o)
 .ARM.attributes
                0x00000627       0x34 C:/ST/STM32CubeCLT_1.17.0/GNU-tools-for-STM32/bin/../lib/gcc/arm-none-eabi/12.3.1/../../../../arm-none-eabi/lib/thumb/v7e-m+fp/hard\libstdc++_nano.a(new_handler.o)
 .ARM.attributes
                0x0000065b       0x22 C:/ST/STM32CubeCLT_1.17.0/GNU-tools-for-STM32/bin/../lib/gcc/arm-none-eabi/12.3.1/thumb/v7e-m+fp/hard\libgcc.a(_arm_addsubdf3.o)
 .ARM.attributes
                0x0000067d       0x22 C:/ST/STM32CubeCLT_1.17.0/GNU-tools-for-STM32/bin/../lib/gcc/arm-none-eabi/12.3.1/thumb/v7e-m+fp/hard\libgcc.a(_arm_muldivdf3.o)
 .ARM.attributes
                0x0000069f       0x22 C:/ST/STM32CubeCLT_1.17.0/GNU-tools-for-STM32/bin/../lib/gcc/arm-none-eabi/12.3.1/thumb/v7e-m+fp/hard\libgcc.a(_arm_cmpdf2.o)
 .ARM.attributes
                0x000006c1       0x22 C:/ST/STM32CubeCLT_1.17.0/GNU-tools-for-STM32/bin/../lib/gcc/arm-none-eabi/12.3.1/thumb/v7e-m+fp/hard\libgcc.a(_arm_fixdfsi.o)
 .ARM.attributes
                0x000006e3       0x22 C:/ST/STM32CubeCLT_1.17.0/GNU-tools-for-STM32/bin/../lib/gcc/arm-none-eabi/12.3.1/thumb/v7e-m+fp/hard\libgcc.a(_arm_fixunsdfsi.o)
 .ARM.attributes
                0x00000705       0x22 C:/ST/STM32CubeCLT_1.17.0/GNU-tools-for-STM32/bin/../lib/gcc/arm-none-eabi/12.3.1/thumb/v7e-m+fp/hard\libgcc.a(_aeabi_uldivmod.o)
 .ARM.attributes
                0x00000727       0x34 C:/ST/STM32CubeCLT_1.17.0/GNU-tools-for-STM32/bin/../lib/gcc/arm-none-eabi/12.3.1/thumb/v7e-m+fp/hard\libgcc.a(_udivmoddi4.o)
 .ARM.attributes
                0x0000075b       0x22 C:/ST/STM32CubeCLT_1.17.0/GNU-tools-for-STM32/bin/../lib/gcc/arm-none-eabi/12.3.1/thumb/v7e-m+fp/hard\libgcc.a(_dvmd_tls.o)
 .ARM.attributes
                0x0000077d       0x34 C:/ST/STM32CubeCLT_1.17.0/GNU-tools-for-STM32/bin/../lib/gcc/arm-none-eabi/12.3.1/../../../../arm-none-eabi/lib/thumb/v7e-m+fp/hard\libg_nano.a(libc_a-abort.o)
 .ARM.attributes
                0x000007b1       0x34 C:/ST/STM32CubeCLT_1.17.0/GNU-tools-for-STM32/bin/../lib/gcc/arm-none-eabi/12.3.1/../../../../arm-none-eabi/lib/thumb/v7e-m+fp/hard\libg_nano.a(libc_a-malloc.o)
 .ARM.attributes
                0x000007e5       0x34 C:/ST/STM32CubeCLT_1.17.0/GNU-tools-for-STM32/bin/../lib/gcc/arm-none-eabi/12.3.1/../../../../arm-none-eabi/lib/thumb/v7e-m+fp/hard\libg_nano.a(libc_a-mallocr.o)
 .ARM.attributes
                0x00000819       0x34 C:/ST/STM32CubeCLT_1.17.0/GNU-tools-for-STM32/bin/../lib/gcc/arm-none-eabi/12.3.1/../../../../arm-none-eabi/lib/thumb/v7e-m+fp/hard\libg_nano.a(libc_a-mlock.o)
 .ARM.attributes
                0x0000084d       0x34 C:/ST/STM32CubeCLT_1.17.0/GNU-tools-for-STM32/bin/../lib/gcc/arm-none-eabi/12.3.1/../../../../arm-none-eabi/lib/thumb/v7e-m+fp/hard\libg_nano.a(libc_a-findfp.o)
 .ARM.attributes
                0x00000881       0x34 C:/ST/STM32CubeCLT_1.17.0/GNU-tools-for-STM32/bin/../lib/gcc/arm-none-eabi/12.3.1/../../../../arm-none-eabi/lib/thumb/v7e-m+fp/hard\libg_nano.a(libc_a-vsprintf.o)
 .ARM.attributes
                0x000008b5       0x34 C:/ST/STM32CubeCLT_1.17.0/GNU-tools-for-STM32/bin/../lib/gcc/arm-none-eabi/12.3.1/../../../../arm-none-eabi/lib/thumb/v7e-m+fp/hard\libg_nano.a(libc_a-memset.o)
 .ARM.attributes
                0x000008e9       0x34 C:/ST/STM32CubeCLT_1.17.0/GNU-tools-for-STM32/bin/../lib/gcc/arm-none-eabi/12.3.1/../../../../arm-none-eabi/lib/thumb/v7e-m+fp/hard\libg_nano.a(libc_a-signal.o)
 .ARM.attributes
                0x0000091d       0x34 C:/ST/STM32CubeCLT_1.17.0/GNU-tools-for-STM32/bin/../lib/gcc/arm-none-eabi/12.3.1/../../../../arm-none-eabi/lib/thumb/v7e-m+fp/hard\libg_nano.a(libc_a-reent.o)
 .ARM.attributes
                0x00000951       0x34 C:/ST/STM32CubeCLT_1.17.0/GNU-tools-for-STM32/bin/../lib/gcc/arm-none-eabi/12.3.1/../../../../arm-none-eabi/lib/thumb/v7e-m+fp/hard\libg_nano.a(libc_a-impure.o)
 .ARM.attributes
                0x00000985       0x34 C:/ST/STM32CubeCLT_1.17.0/GNU-tools-for-STM32/bin/../lib/gcc/arm-none-eabi/12.3.1/../../../../arm-none-eabi/lib/thumb/v7e-m+fp/hard\libg_nano.a(libc_a-signalr.o)
 .ARM.attributes
                0x000009b9       0x34 C:/ST/STM32CubeCLT_1.17.0/GNU-tools-for-STM32/bin/../lib/gcc/arm-none-eabi/12.3.1/../../../../arm-none-eabi/lib/thumb/v7e-m+fp/hard\libg_nano.a(libc_a-sbrkr.o)
 .ARM.attributes
                0x000009ed       0x34 C:/ST/STM32CubeCLT_1.17.0/GNU-tools-for-STM32/bin/../lib/gcc/arm-none-eabi/12.3.1/../../../../arm-none-eabi/lib/thumb/v7e-m+fp/hard\libg_nano.a(libc_a-init.o)
 .ARM.attributes
                0x00000a21       0x34 C:/ST/STM32CubeCLT_1.17.0/GNU-tools-for-STM32/bin/../lib/gcc/arm-none-eabi/12.3.1/../../../../arm-none-eabi/lib/thumb/v7e-m+fp/hard\libg_nano.a(libc_a-lock.o)
 .ARM.attributes
                0x00000a55       0x34 C:/ST/STM32CubeCLT_1.17.0/GNU-tools-for-STM32/bin/../lib/gcc/arm-none-eabi/12.3.1/../../../../arm-none-eabi/lib/thumb/v7e-m+fp/hard\libg_nano.a(libc_a-memcpy-stub.o)
 .ARM.attributes
                0x00000a89       0x17 C:/ST/STM32CubeCLT_1.17.0/GNU-tools-for-STM32/bin/../lib/gcc/arm-none-eabi/12.3.1/../../../../arm-none-eabi/lib/thumb/v7e-m+fp/hard\libg_nano.a(libc_a-strlen.o)
 .ARM.attributes
                0x00000aa0       0x34 C:/ST/STM32CubeCLT_1.17.0/GNU-tools-for-STM32/bin/../lib/gcc/arm-none-eabi/12.3.1/../../../../arm-none-eabi/lib/thumb/v7e-m+fp/hard\libg_nano.a(libc_a-freer.o)
 .ARM.attributes
                0x00000ad4       0x34 C:/ST/STM32CubeCLT_1.17.0/GNU-tools-for-STM32/bin/../lib/gcc/arm-none-eabi/12.3.1/../../../../arm-none-eabi/lib/thumb/v7e-m+fp/hard\libg_nano.a(libc_a-nano-svfprintf.o)
 .ARM.attributes
                0x00000b08       0x34 C:/ST/STM32CubeCLT_1.17.0/GNU-tools-for-STM32/bin/../lib/gcc/arm-none-eabi/12.3.1/../../../../arm-none-eabi/lib/thumb/v7e-m+fp/hard\libg_nano.a(libc_a-nano-vfprintf_i.o)
 .ARM.attributes
                0x00000b3c       0x34 C:/ST/STM32CubeCLT_1.17.0/GNU-tools-for-STM32/bin/../lib/gcc/arm-none-eabi/12.3.1/../../../../arm-none-eabi/lib/thumb/v7e-m+fp/hard\libg_nano.a(libc_a-memmove.o)
 .ARM.attributes
                0x00000b70       0x1c C:/ST/STM32CubeCLT_1.17.0/GNU-tools-for-STM32/bin/../lib/gcc/arm-none-eabi/12.3.1/../../../../arm-none-eabi/lib/thumb/v7e-m+fp/hard\libg_nano.a(libc_a-memchr.o)
 .ARM.attributes
                0x00000b8c       0x34 C:/ST/STM32CubeCLT_1.17.0/GNU-tools-for-STM32/bin/../lib/gcc/arm-none-eabi/12.3.1/../../../../arm-none-eabi/lib/thumb/v7e-m+fp/hard\libg_nano.a(libc_a-reallocr.o)
 .ARM.attributes
                0x00000bc0       0x34 C:/ST/STM32CubeCLT_1.17.0/GNU-tools-for-STM32/bin/../lib/gcc/arm-none-eabi/12.3.1/../../../../arm-none-eabi/lib/thumb/v7e-m+fp/hard\libg_nano.a(libc_a-msizer.o)
 .ARM.attributes
                0x00000bf4       0x34 C:/ST/STM32CubeCLT_1.17.0/GNU-tools-for-STM32/bin/../lib/gcc/arm-none-eabi/12.3.1/../../../../arm-none-eabi/lib/thumb/v7e-m+fp/hard\libnosys.a(getpid.o)
 .ARM.attributes
                0x00000c28       0x34 C:/ST/STM32CubeCLT_1.17.0/GNU-tools-for-STM32/bin/../lib/gcc/arm-none-eabi/12.3.1/../../../../arm-none-eabi/lib/thumb/v7e-m+fp/hard\libnosys.a(kill.o)
 .ARM.attributes
                0x00000c5c       0x34 C:/ST/STM32CubeCLT_1.17.0/GNU-tools-for-STM32/bin/../lib/gcc/arm-none-eabi/12.3.1/../../../../arm-none-eabi/lib/thumb/v7e-m+fp/hard\libnosys.a(sbrk.o)
 .ARM.attributes
                0x00000c90       0x34 C:/ST/STM32CubeCLT_1.17.0/GNU-tools-for-STM32/bin/../lib/gcc/arm-none-eabi/12.3.1/../../../../arm-none-eabi/lib/thumb/v7e-m+fp/hard\libnosys.a(_exit.o)
 .ARM.attributes
                0x00000cc4       0x22 C:/ST/STM32CubeCLT_1.17.0/GNU-tools-for-STM32/bin/../lib/gcc/arm-none-eabi/12.3.1/thumb/v7e-m+fp/hard/crtn.o
OUTPUT(base.elf elf32-littlearm)
LOAD linker stubs
LOAD C:/ST/STM32CubeCLT_1.17.0/GNU-tools-for-STM32/bin/../lib/gcc/arm-none-eabi/12.3.1/../../../../arm-none-eabi/lib/thumb/v7e-m+fp/hard\libc.a
LOAD C:/ST/STM32CubeCLT_1.17.0/GNU-tools-for-STM32/bin/../lib/gcc/arm-none-eabi/12.3.1/../../../../arm-none-eabi/lib/thumb/v7e-m+fp/hard\libm.a
LOAD C:/ST/STM32CubeCLT_1.17.0/GNU-tools-for-STM32/bin/../lib/gcc/arm-none-eabi/12.3.1/thumb/v7e-m+fp/hard\libgcc.a

.debug_info     0x00000000    0x28f0b
 .debug_info    0x00000000     0x3f73 CMakeFiles/base.dir/src/Core/Main.cpp.obj
 .debug_info    0x00003f73      0x983 CMakeFiles/base.dir/src/Core/motor.cpp.obj
 .debug_info    0x000048f6      0x8a9 CMakeFiles/base.dir/src/Core/Device.cpp.obj
 .debug_info    0x0000519f      0x820 CMakeFiles/base.dir/src/Interface/HCMSDisplay.cpp.obj
 .debug_info    0x000059bf     0x142d CMakeFiles/base.dir/src/Interface/UartPrint.cpp.obj
 .debug_info    0x00006dec       0x30 CMakeFiles/base.dir/include/startup_stm32g474xx.s.obj
 .debug_info    0x00006e1c      0x4b7 CMakeFiles/base.dir/include/Core/Src/gpio.c.obj
 .debug_info    0x000072d3      0xaec CMakeFiles/base.dir/include/Core/Src/spi.c.obj
 .debug_info    0x00007dbf      0x2da CMakeFiles/base.dir/include/Core/Src/stm32g4xx_hal_msp.c.obj
 .debug_info    0x00008099      0xfd3 CMakeFiles/base.dir/include/Core/Src/stm32g4xx_it.c.obj
 .debug_info    0x0000906c      0x58e CMakeFiles/base.dir/include/Core/Src/system_stm32g4xx.c.obj
 .debug_info    0x000095fa     0x1156 CMakeFiles/base.dir/include/Core/Src/usart.c.obj
 .debug_info    0x0000a750     0x1395 CMakeFiles/base.dir/include/Core/Src/tim.c.obj
 .debug_info    0x0000bae5      0xf8e CMakeFiles/base.dir/include/Core/Src/i2c.c.obj
 .debug_info    0x0000ca73      0xdad CMakeFiles/base.dir/include/Drivers/STM32G4xx_HAL_Driver/Src/stm32g4xx_hal_cortex.c.obj
 .debug_info    0x0000d820      0x85f CMakeFiles/base.dir/include/Drivers/STM32G4xx_HAL_Driver/Src/stm32g4xx_hal_dma.c.obj
 .debug_info    0x0000e07f      0x763 CMakeFiles/base.dir/include/Drivers/STM32G4xx_HAL_Driver/Src/stm32g4xx_hal_gpio.c.obj
 .debug_info    0x0000e7e2      0xac8 CMakeFiles/base.dir/include/Drivers/STM32G4xx_HAL_Driver/Src/stm32g4xx_hal_i2c_ex.c.obj
 .debug_info    0x0000f2aa     0x20ca CMakeFiles/base.dir/include/Drivers/STM32G4xx_HAL_Driver/Src/stm32g4xx_hal_i2c.c.obj
 .debug_info    0x00011374      0x93f CMakeFiles/base.dir/include/Drivers/STM32G4xx_HAL_Driver/Src/stm32g4xx_hal_pwr_ex.c.obj
 .debug_info    0x00011cb3      0xc45 CMakeFiles/base.dir/include/Drivers/STM32G4xx_HAL_Driver/Src/stm32g4xx_hal_rcc_ex.c.obj
 .debug_info    0x000128f8      0xbe0 CMakeFiles/base.dir/include/Drivers/STM32G4xx_HAL_Driver/Src/stm32g4xx_hal_rcc.c.obj
 .debug_info    0x000134d8     0x1748 CMakeFiles/base.dir/include/Drivers/STM32G4xx_HAL_Driver/Src/stm32g4xx_hal_spi.c.obj
 .debug_info    0x00014c20     0x1d63 CMakeFiles/base.dir/include/Drivers/STM32G4xx_HAL_Driver/Src/stm32g4xx_hal_tim_ex.c.obj
 .debug_info    0x00016983     0x2bfd CMakeFiles/base.dir/include/Drivers/STM32G4xx_HAL_Driver/Src/stm32g4xx_hal_tim.c.obj
 .debug_info    0x00019580      0xf83 CMakeFiles/base.dir/include/Drivers/STM32G4xx_HAL_Driver/Src/stm32g4xx_hal_uart_ex.c.obj
 .debug_info    0x0001a503     0x46a0 CMakeFiles/base.dir/include/Drivers/STM32G4xx_HAL_Driver/Src/stm32g4xx_hal_uart.c.obj
 .debug_info    0x0001eba3      0xb53 CMakeFiles/base.dir/include/Drivers/STM32G4xx_HAL_Driver/Src/stm32g4xx_hal.c.obj
 .debug_info    0x0001f6f6       0xd8 C:/ST/STM32CubeCLT_1.17.0/GNU-tools-for-STM32/bin/../lib/gcc/arm-none-eabi/12.3.1/../../../../arm-none-eabi/lib/thumb/v7e-m+fp/hard\libg_nano.a(libc_a-abort.o)
 .debug_info    0x0001f7ce      0x794 C:/ST/STM32CubeCLT_1.17.0/GNU-tools-for-STM32/bin/../lib/gcc/arm-none-eabi/12.3.1/../../../../arm-none-eabi/lib/thumb/v7e-m+fp/hard\libg_nano.a(libc_a-malloc.o)
 .debug_info    0x0001ff62      0x9bc C:/ST/STM32CubeCLT_1.17.0/GNU-tools-for-STM32/bin/../lib/gcc/arm-none-eabi/12.3.1/../../../../arm-none-eabi/lib/thumb/v7e-m+fp/hard\libg_nano.a(libc_a-mallocr.o)